Archive member included to satisfy reference by file (symbol)

d:/stm32cubeide_1.7.0/stm32cubeide/plugins/com.st.stm32cube.ide.mcu.externaltools.gnu-tools-for-stm32.9-2020-q2-update.win32_2.0.0.202105311346/tools/bin/../lib/gcc/arm-none-eabi/9.3.1/../../../../arm-none-eabi/lib/thumb/v7-m/nofp\libc_nano.a(lib_a-errno.o)
                              ./Core/Src/syscalls.o (__errno)
d:/stm32cubeide_1.7.0/stm32cubeide/plugins/com.st.stm32cube.ide.mcu.externaltools.gnu-tools-for-stm32.9-2020-q2-update.win32_2.0.0.202105311346/tools/bin/../lib/gcc/arm-none-eabi/9.3.1/../../../../arm-none-eabi/lib/thumb/v7-m/nofp\libc_nano.a(lib_a-exit.o)
                              d:/stm32cubeide_1.7.0/stm32cubeide/plugins/com.st.stm32cube.ide.mcu.externaltools.gnu-tools-for-stm32.9-2020-q2-update.win32_2.0.0.202105311346/tools/bin/../lib/gcc/arm-none-eabi/9.3.1/../../../../arm-none-eabi/lib/thumb/v7-m/nofp/crt0.o (exit)
d:/stm32cubeide_1.7.0/stm32cubeide/plugins/com.st.stm32cube.ide.mcu.externaltools.gnu-tools-for-stm32.9-2020-q2-update.win32_2.0.0.202105311346/tools/bin/../lib/gcc/arm-none-eabi/9.3.1/../../../../arm-none-eabi/lib/thumb/v7-m/nofp\libc_nano.a(lib_a-impure.o)
                              d:/stm32cubeide_1.7.0/stm32cubeide/plugins/com.st.stm32cube.ide.mcu.externaltools.gnu-tools-for-stm32.9-2020-q2-update.win32_2.0.0.202105311346/tools/bin/../lib/gcc/arm-none-eabi/9.3.1/../../../../arm-none-eabi/lib/thumb/v7-m/nofp\libc_nano.a(lib_a-exit.o) (_global_impure_ptr)
d:/stm32cubeide_1.7.0/stm32cubeide/plugins/com.st.stm32cube.ide.mcu.externaltools.gnu-tools-for-stm32.9-2020-q2-update.win32_2.0.0.202105311346/tools/bin/../lib/gcc/arm-none-eabi/9.3.1/../../../../arm-none-eabi/lib/thumb/v7-m/nofp\libc_nano.a(lib_a-init.o)
                              d:/stm32cubeide_1.7.0/stm32cubeide/plugins/com.st.stm32cube.ide.mcu.externaltools.gnu-tools-for-stm32.9-2020-q2-update.win32_2.0.0.202105311346/tools/bin/../lib/gcc/arm-none-eabi/9.3.1/../../../../arm-none-eabi/lib/thumb/v7-m/nofp/crt0.o (__libc_init_array)
d:/stm32cubeide_1.7.0/stm32cubeide/plugins/com.st.stm32cube.ide.mcu.externaltools.gnu-tools-for-stm32.9-2020-q2-update.win32_2.0.0.202105311346/tools/bin/../lib/gcc/arm-none-eabi/9.3.1/../../../../arm-none-eabi/lib/thumb/v7-m/nofp\libc_nano.a(lib_a-malloc.o)
                              ./Core/Src/scheduler.o (malloc)
d:/stm32cubeide_1.7.0/stm32cubeide/plugins/com.st.stm32cube.ide.mcu.externaltools.gnu-tools-for-stm32.9-2020-q2-update.win32_2.0.0.202105311346/tools/bin/../lib/gcc/arm-none-eabi/9.3.1/../../../../arm-none-eabi/lib/thumb/v7-m/nofp\libc_nano.a(lib_a-memset.o)
                              d:/stm32cubeide_1.7.0/stm32cubeide/plugins/com.st.stm32cube.ide.mcu.externaltools.gnu-tools-for-stm32.9-2020-q2-update.win32_2.0.0.202105311346/tools/bin/../lib/gcc/arm-none-eabi/9.3.1/../../../../arm-none-eabi/lib/thumb/v7-m/nofp/crt0.o (memset)
d:/stm32cubeide_1.7.0/stm32cubeide/plugins/com.st.stm32cube.ide.mcu.externaltools.gnu-tools-for-stm32.9-2020-q2-update.win32_2.0.0.202105311346/tools/bin/../lib/gcc/arm-none-eabi/9.3.1/../../../../arm-none-eabi/lib/thumb/v7-m/nofp\libc_nano.a(lib_a-nano-freer.o)
                              d:/stm32cubeide_1.7.0/stm32cubeide/plugins/com.st.stm32cube.ide.mcu.externaltools.gnu-tools-for-stm32.9-2020-q2-update.win32_2.0.0.202105311346/tools/bin/../lib/gcc/arm-none-eabi/9.3.1/../../../../arm-none-eabi/lib/thumb/v7-m/nofp\libc_nano.a(lib_a-malloc.o) (_free_r)
d:/stm32cubeide_1.7.0/stm32cubeide/plugins/com.st.stm32cube.ide.mcu.externaltools.gnu-tools-for-stm32.9-2020-q2-update.win32_2.0.0.202105311346/tools/bin/../lib/gcc/arm-none-eabi/9.3.1/../../../../arm-none-eabi/lib/thumb/v7-m/nofp\libc_nano.a(lib_a-nano-mallocr.o)
                              d:/stm32cubeide_1.7.0/stm32cubeide/plugins/com.st.stm32cube.ide.mcu.externaltools.gnu-tools-for-stm32.9-2020-q2-update.win32_2.0.0.202105311346/tools/bin/../lib/gcc/arm-none-eabi/9.3.1/../../../../arm-none-eabi/lib/thumb/v7-m/nofp\libc_nano.a(lib_a-malloc.o) (_malloc_r)
d:/stm32cubeide_1.7.0/stm32cubeide/plugins/com.st.stm32cube.ide.mcu.externaltools.gnu-tools-for-stm32.9-2020-q2-update.win32_2.0.0.202105311346/tools/bin/../lib/gcc/arm-none-eabi/9.3.1/../../../../arm-none-eabi/lib/thumb/v7-m/nofp\libc_nano.a(lib_a-sbrkr.o)
                              d:/stm32cubeide_1.7.0/stm32cubeide/plugins/com.st.stm32cube.ide.mcu.externaltools.gnu-tools-for-stm32.9-2020-q2-update.win32_2.0.0.202105311346/tools/bin/../lib/gcc/arm-none-eabi/9.3.1/../../../../arm-none-eabi/lib/thumb/v7-m/nofp\libc_nano.a(lib_a-nano-mallocr.o) (_sbrk_r)
d:/stm32cubeide_1.7.0/stm32cubeide/plugins/com.st.stm32cube.ide.mcu.externaltools.gnu-tools-for-stm32.9-2020-q2-update.win32_2.0.0.202105311346/tools/bin/../lib/gcc/arm-none-eabi/9.3.1/../../../../arm-none-eabi/lib/thumb/v7-m/nofp\libc_nano.a(lib_a-mlock.o)
[...]
Memory Configuration

Name             Origin             Length             Attributes
RAM              0x0000000020000000 0x0000000000002800 xrw
FLASH            0x0000000008000000 0x0000000000008000 xr
*default*        0x0000000000000000 0xffffffffffffffff

Linker script and memory map

LOAD d:/stm32cubeide_1.7.0/stm32cubeide/plugins/com.st.stm32cube.ide.mcu.externaltools.gnu-tools-for-stm32.9-2020-q2-update.win32_2.0.0.202105311346/tools/bin/../lib/gcc/arm-none-eabi/9.3.1/thumb/v7-m/nofp/crti.o
LOAD d:/stm32cubeide_1.7.0/stm32cubeide/plugins/com.st.stm32cube.ide.mcu.externaltools.gnu-tools-for-stm32.9-2020-q2-update.win32_2.0.0.202105311346/tools/bin/../lib/gcc/arm-none-eabi/9.3.1/thumb/v7-m/nofp/crtbegin.o
LOAD d:/stm32cubeide_1.7.0/stm32cubeide/plugins/com.st.stm32cube.ide.mcu.externaltools.gnu-tools-for-stm32.9-2020-q2-update.win32_2.0.0.202105311346/tools/bin/../lib/gcc/arm-none-eabi/9.3.1/../../../../arm-none-eabi/lib/thumb/v7-m/nofp/crt0.o
LOAD ./Core/Src/FSM_automatic.o
LOAD ./Core/Src/FSM_manual.o
LOAD ./Core/Src/button.o
LOAD ./Core/Src/global.o
LOAD ./Core/Src/main.o
LOAD ./Core/Src/scheduler.o
LOAD ./Core/Src/stm32f1xx_hal_msp.o
LOAD ./Core/Src/stm32f1xx_it.o
LOAD ./Core/Src/syscalls.o
LOAD ./Core/Src/sysmem.o
LOAD ./Core/Src/system_stm32f1xx.o
LOAD ./Core/Src/time_set.o
LOAD ./Core/Startup/startup_stm32f103c6ux.o
LOAD ./Drivers/STM32F1xx_HAL_Driver/Src/stm32f1xx_hal.o
LOAD ./Drivers/STM32F1xx_HAL_Driver/Src/stm32f1xx_hal_cortex.o
LOAD ./Drivers/STM32F1xx_HAL_Driver/Src/stm32f1xx_hal_dma.o
LOAD ./Drivers/STM32F1xx_HAL_Driver/Src/stm32f1xx_hal_exti.o
LOAD ./Drivers/STM32F1xx_HAL_Driver/Src/stm32f1xx_hal_flash.o
LOAD ./Drivers/STM32F1xx_HAL_Driver/Src/stm32f1xx_hal_flash_ex.o
LOAD ./Drivers/STM32F1xx_HAL_Driver/Src/stm32f1xx_hal_gpio.o
LOAD ./Drivers/STM32F1xx_HAL_Driver/Src/stm32f1xx_hal_gpio_ex.o
LOAD ./Drivers/STM32F1xx_HAL_Driver/Src/stm32f1xx_hal_pwr.o
LOAD ./Drivers/STM32F1xx_HAL_Driver/Src/stm32f1xx_hal_rcc.o
LOAD ./Drivers/STM32F1xx_HAL_Driver/Src/stm32f1xx_hal_rcc_ex.o
LOAD ./Drivers/STM32F1xx_HAL_Driver/Src/stm32f1xx_hal_tim.o
LOAD ./Drivers/STM32F1xx_HAL_Driver/Src/stm32f1xx_hal_tim_ex.o
START GROUP
LOAD d:/stm32cubeide_1.7.0/stm32cubeide/plugins/com.st.stm32cube.ide.mcu.externaltools.gnu-tools-for-stm32.9-2020-q2-update.win32_2.0.0.202105311346/tools/bin/../lib/gcc/arm-none-eabi/9.3.1/../../../../arm-none-eabi/lib/thumb/v7-m/nofp\libc_nano.a
LOAD d:/stm32cubeide_1.7.0/stm32cubeide/plugins/com.st.stm32cube.ide.mcu.externaltools.gnu-tools-for-stm32.9-2020-q2-update.win32_2.0.0.202105311346/tools/bin/../lib/gcc/arm-none-eabi/9.3.1/../../../../arm-none-eabi/lib/thumb/v7-m/nofp\libm.a
END GROUP
START GROUP
LOAD d:/stm32cubeide_1.7.0/stm32cubeide/plugins/com.st.stm32cube.ide.mcu.externaltools.gnu-tools-for-stm32.9-2020-q2-update.win32_2.0.0.202105311346/tools/bin/../lib/gcc/arm-none-eabi/9.3.1/thumb/v7-m/nofp\libgcc.a
LOAD d:/stm32cubeide_1.7.0/stm32cubeide/plugins/com.st.stm32cube.ide.mcu.externaltools.gnu-tools-for-stm32.9-2020-q2-update.win32_2.0.0.202105311346/tools/bin/../lib/gcc/arm-none-eabi/9.3.1/../../../../arm-none-eabi/lib/thumb/v7-m/nofp\libc_nano.a
END GROUP
START GROUP
LOAD d:/stm32cubeide_1.7.0/stm32cubeide/plugins/com.st.stm32cube.ide.mcu.externaltools.gnu-tools-for-stm32.9-2020-q2-update.win32_2.0.0.202105311346/tools/bin/../lib/gcc/arm-none-eabi/9.3.1/thumb/v7-m/nofp\libgcc.a
LOAD d:/stm32cubeide_1.7.0/stm32cubeide/plugins/com.st.stm32cube.ide.mcu.externaltools.gnu-tools-for-stm32.9-2020-q2-update.win32_2.0.0.202105311346/tools/bin/../lib/gcc/arm-none-eabi/9.3.1/../../../../arm-none-eabi/lib/thumb/v7-m/nofp\libc_nano.a
LOAD d:/stm32cubeide_1.7.0/stm32cubeide/plugins/com.st.stm32cube.ide.mcu.externaltools.gnu-tools-for-stm32.9-2020-q2-update.win32_2.0.0.202105311346/tools/bin/../lib/gcc/arm-none-eabi/9.3.1/../../../../arm-none-eabi/lib/thumb/v7-m/nofp\libnosys.a
END GROUP
START GROUP
LOAD d:/stm32cubeide_1.7.0/stm32cubeide/plugins/com.st.stm32cube.ide.mcu.externaltools.gnu-tools-for-stm32.9-2020-q2-update.win32_2.0.0.202105311346/tools/bin/../lib/gcc/arm-none-eabi/9.3.1/thumb/v7-m/nofp\libgcc.a
LOAD d:/stm32cubeide_1.7.0/stm32cubeide/plugins/com.st.stm32cube.ide.mcu.externaltools.gnu-tools-for-stm32.9-2020-q2-update.win32_2.0.0.202105311346/tools/bin/../lib/gcc/arm-none-eabi/9.3.1/../../../../arm-none-eabi/lib/thumb/v7-m/nofp\libc_nano.a
LOAD d:/stm32cubeide_1.7.0/stm32cubeide/plugins/com.st.stm32cube.ide.mcu.externaltools.gnu-tools-for-stm32.9-2020-q2-update.win32_2.0.0.202105311346/tools/bin/../lib/gcc/arm-none-eabi/9.3.1/../../../../arm-none-eabi/lib/thumb/v7-m/nofp\libnosys.a
END GROUP
LOAD d:/stm32cubeide_1.7.0/stm32cubeide/plugins/com.st.stm32cube.ide.mcu.externaltools.gnu-tools-for-stm32.9-2020-q2-update.win32_2.0.0.202105311346/tools/bin/../lib/gcc/arm-none-eabi/9.3.1/thumb/v7-m/nofp/crtend.o
LOAD d:/stm32cubeide_1.7.0/stm32cubeide/plugins/com.st.stm32cube.ide.mcu.externaltools.gnu-tools-for-stm32.9-2020-q2-update.win32_2.0.0.202105311346/tools/bin/../lib/gcc/arm-none-eabi/9.3.1/thumb/v7-m/nofp/crtn.o
                0x0000000020002800                _estack = (ORIGIN (RAM) + LENGTH (RAM))
                0x0000000000000200                _Min_Heap_Size = 0x200
                0x0000000000000400                _Min_Stack_Size = 0x400

.isr_vector     0x0000000008000000      0x10c
                0x0000000008000000                . = ALIGN (0x4)
 *(.isr_vector)
 .isr_vector    0x0000000008000000      0x10c ./Core/Startup/startup_stm32f103c6ux.o
                0x0000000008000000                g_pfnVectors
                0x000000000800010c                . = ALIGN (0x4)

.text           0x000000000800010c     0x3030
                0x000000000800010c                . = ALIGN (0x4)
 *(.text)
 .text          0x000000000800010c       0x40 d:/stm32cubeide_1.7.0/stm32cubeide/plugins/com.st.stm32cube.ide.mcu.externaltools.gnu-tools-for-stm32.9-2020-q2-update.win32_2.0.0.202105311346/tools/bin/../lib/gcc/arm-none-eabi/9.3.1/thumb/v7-m/nofp/crtbegin.o
 *(.text*)
 .text.automaticRun
                0x000000000800014c      0x304 ./Core/Src/FSM_automatic.o
                0x000000000800014c                automaticRun
 .text.manual_run
                0x0000000008000450      0x360 ./Core/Src/FSM_manual.o
                0x0000000008000450                manual_run
 .text.pressProcess
                0x00000000080007b0       0x30 ./Core/Src/button.o
                0x00000000080007b0                pressProcess
 .text.holdProcess
                0x00000000080007e0       0x30 ./Core/Src/button.o
                0x00000000080007e0                holdProcess
 .text.normalProcess
                0x0000000008000810       0x30 ./Core/Src/button.o
                0x0000000008000810                normalProcess
 .text.buttonReading
                0x0000000008000840      0x314 ./Core/Src/button.o
                0x0000000008000840                buttonReading
 .text.isButtonPressed
                0x0000000008000b54       0x38 ./Core/Src/button.o
                0x0000000008000b54                isButtonPressed
 .text.isButtonHold
                0x0000000008000b8c       0x38 ./Core/Src/button.o
                0x0000000008000b8c                isButtonHold
 .text.display7SEG
                0x0000000008000bc4      0x404 ./Core/Src/global.o
                0x0000000008000bc4                display7SEG
 .text.displayNum
                0x0000000008000fc8      0x174 ./Core/Src/global.o
                0x0000000008000fc8                displayNum
 .text.initial  0x000000000800113c       0x48 ./Core/Src/global.o
                0x000000000800113c                initial
 .text.main     0x0000000008001184       0x7c ./Core/Src/main.o
                0x0000000008001184                main
 .text.SystemClock_Config
                0x0000000008001200       0x76 ./Core/Src/main.o
                0x0000000008001200                SystemClock_Config
 *fill*         0x0000000008001276        0x2 
 .text.MX_TIM2_Init
                0x0000000008001278       0x98 ./Core/Src/main.o
 .text.MX_GPIO_Init
                0x0000000008001310       0xf8 ./Core/Src/main.o
 .text.HAL_TIM_PeriodElapsedCallback
                0x0000000008001408       0x14 ./Core/Src/main.o
                0x0000000008001408                HAL_TIM_PeriodElapsedCallback
 .text.Error_Handler
                0x000000000800141c        0xa ./Core/Src/main.o
                0x000000000800141c                Error_Handler
 .text.createNode
                0x0000000008001426       0x46 ./Core/Src/scheduler.o
                0x0000000008001426                createNode
 .text.SCH_init
                0x000000000800146c       0x3c ./Core/Src/scheduler.o
                0x000000000800146c                SCH_init
 .text.SCH_deleteHead
                0x00000000080014a8       0x68 ./Core/Src/scheduler.o
                0x00000000080014a8                SCH_deleteHead
 .text.SCH_addTask
                0x0000000008001510       0xfc ./Core/Src/scheduler.o
                0x0000000008001510                SCH_addTask
 .text.SCH_updateTask
                0x000000000800160c       0x70 ./Core/Src/scheduler.o
                0x000000000800160c                SCH_updateTask
 .text.SCH_dispatchTask
                0x000000000800167c       0x5c ./Core/Src/scheduler.o
                0x000000000800167c                SCH_dispatchTask
 .text.HAL_MspInit
                0x00000000080016d8       0x64 ./Core/Src/stm32f1xx_hal_msp.o
                0x00000000080016d8                HAL_MspInit
 .text.HAL_TIM_Base_MspInit
                0x000000000800173c       0x48 ./Core/Src/stm32f1xx_hal_msp.o
                0x000000000800173c                HAL_TIM_Base_MspInit
 .text.NMI_Handler
                0x0000000008001784        0x6 ./Core/Src/stm32f1xx_it.o
                0x0000000008001784                NMI_Handler
 .text.HardFault_Handler
                0x000000000800178a        0x6 ./Core/Src/stm32f1xx_it.o
                0x000000000800178a                HardFault_Handler
 .text.MemManage_Handler
                0x0000000008001790        0x6 ./Core/Src/stm32f1xx_it.o
                0x0000000008001790                MemManage_Handler
 .text.BusFault_Handler
                0x0000000008001796        0x6 ./Core/Src/stm32f1xx_it.o
                0x0000000008001796                BusFault_Handler
 .text.UsageFault_Handler
                0x000000000800179c        0x6 ./Core/Src/stm32f1xx_it.o
                0x000000000800179c                UsageFault_Handler
 .text.SVC_Handler
                0x00000000080017a2        0xc ./Core/Src/stm32f1xx_it.o
                0x00000000080017a2                SVC_Handler
 .text.DebugMon_Handler
                0x00000000080017ae        0xc ./Core/Src/stm32f1xx_it.o
                0x00000000080017ae                DebugMon_Handler
 .text.PendSV_Handler
                0x00000000080017ba        0xc ./Core/Src/stm32f1xx_it.o
                0x00000000080017ba                PendSV_Handler
 .text.SysTick_Handler
                0x00000000080017c6        0xc ./Core/Src/stm32f1xx_it.o
                0x00000000080017c6                SysTick_Handler
 *fill*         0x00000000080017d2        0x2 
 .text.TIM2_IRQHandler
                0x00000000080017d4       0x14 ./Core/Src/stm32f1xx_it.o
                0x00000000080017d4                TIM2_IRQHandler
 .text._sbrk    0x00000000080017e8       0x6c ./Core/Src/sysmem.o
                0x00000000080017e8                _sbrk
 .text.SystemInit
                0x0000000008001854        0xc ./Core/Src/system_stm32f1xx.o
                0x0000000008001854                SystemInit
 .text.setTimer
                0x0000000008001860       0x40 ./Core/Src/time_set.o
                0x0000000008001860                setTimer
 .text.runTimer
                0x00000000080018a0       0x58 ./Core/Src/time_set.o
                0x00000000080018a0                runTimer
 .text.Reset_Handler
                0x00000000080018f8       0x48 ./Core/Startup/startup_stm32f103c6ux.o
                0x00000000080018f8                Reset_Handler
 .text.Default_Handler
                0x0000000008001940        0x2 ./Core/Startup/startup_stm32f103c6ux.o
                0x0000000008001940                RTC_Alarm_IRQHandler
                0x0000000008001940                EXTI2_IRQHandler
                0x0000000008001940                TIM1_CC_IRQHandler
                0x0000000008001940                PVD_IRQHandler
                0x0000000008001940                EXTI3_IRQHandler
                0x0000000008001940                EXTI0_IRQHandler
                0x0000000008001940                ADC1_2_IRQHandler
                0x0000000008001940                SPI1_IRQHandler
                0x0000000008001940                TAMPER_IRQHandler
                0x0000000008001940                DMA1_Channel4_IRQHandler
                0x0000000008001940                RTC_IRQHandler
                0x0000000008001940                DMA1_Channel7_IRQHandler
                0x0000000008001940                CAN1_RX1_IRQHandler
                0x0000000008001940                I2C1_EV_IRQHandler
                0x0000000008001940                DMA1_Channel6_IRQHandler
                0x0000000008001940                TIM3_IRQHandler
                0x0000000008001940                RCC_IRQHandler
                0x0000000008001940                TIM1_TRG_COM_IRQHandler
                0x0000000008001940                DMA1_Channel1_IRQHandler
                0x0000000008001940                Default_Handler
                0x0000000008001940                EXTI15_10_IRQHandler
                0x0000000008001940                EXTI9_5_IRQHandler
                0x0000000008001940                DMA1_Channel5_IRQHandler
                0x0000000008001940                EXTI4_IRQHandler
                0x0000000008001940                USB_LP_CAN1_RX0_IRQHandler
                0x0000000008001940                USB_HP_CAN1_TX_IRQHandler
                0x0000000008001940                DMA1_Channel3_IRQHandler
                0x0000000008001940                TIM1_UP_IRQHandler
                0x0000000008001940                WWDG_IRQHandler
                0x0000000008001940                TIM1_BRK_IRQHandler
                0x0000000008001940                EXTI1_IRQHandler
                0x0000000008001940                USART2_IRQHandler
                0x0000000008001940                DMA1_Channel2_IRQHandler
                0x0000000008001940                CAN1_SCE_IRQHandler
                0x0000000008001940                FLASH_IRQHandler
                0x0000000008001940                USART1_IRQHandler
                0x0000000008001940                I2C1_ER_IRQHandler
                0x0000000008001940                USBWakeUp_IRQHandler
 *fill*         0x0000000008001942        0x2 
 .text.HAL_Init
                0x0000000008001944       0x2c ./Drivers/STM32F1xx_HAL_Driver/Src/stm32f1xx_hal.o
                0x0000000008001944                HAL_Init
 .text.HAL_InitTick
                0x0000000008001970       0x60 ./Drivers/STM32F1xx_HAL_Driver/Src/stm32f1xx_hal.o
                0x0000000008001970                HAL_InitTick
 .text.HAL_IncTick
                0x00000000080019d0       0x24 ./Drivers/STM32F1xx_HAL_Driver/Src/stm32f1xx_hal.o
                0x00000000080019d0                HAL_IncTick
 .text.HAL_GetTick
                0x00000000080019f4       0x14 ./Drivers/STM32F1xx_HAL_Driver/Src/stm32f1xx_hal.o
                0x00000000080019f4                HAL_GetTick
 .text.__NVIC_SetPriorityGrouping
                0x0000000008001a08       0x48 ./Drivers/STM32F1xx_HAL_Driver/Src/stm32f1xx_hal_cortex.o
 .text.__NVIC_GetPriorityGrouping
                0x0000000008001a50       0x1c ./Drivers/STM32F1xx_HAL_Driver/Src/stm32f1xx_hal_cortex.o
 .text.__NVIC_EnableIRQ
                0x0000000008001a6c       0x38 ./Drivers/STM32F1xx_HAL_Driver/Src/stm32f1xx_hal_cortex.o
 .text.__NVIC_SetPriority
                0x0000000008001aa4       0x54 ./Drivers/STM32F1xx_HAL_Driver/Src/stm32f1xx_hal_cortex.o
 .text.NVIC_EncodePriority
                0x0000000008001af8       0x64 ./Drivers/STM32F1xx_HAL_Driver/Src/stm32f1xx_hal_cortex.o
 .text.SysTick_Config
                0x0000000008001b5c       0x44 ./Drivers/STM32F1xx_HAL_Driver/Src/stm32f1xx_hal_cortex.o
 .text.HAL_NVIC_SetPriorityGrouping
                0x0000000008001ba0       0x16 ./Drivers/STM32F1xx_HAL_Driver/Src/stm32f1xx_hal_cortex.o
                0x0000000008001ba0                HAL_NVIC_SetPriorityGrouping
 .text.HAL_NVIC_SetPriority
                0x0000000008001bb6       0x38 ./Drivers/STM32F1xx_HAL_Driver/Src/stm32f1xx_hal_cortex.o
                0x0000000008001bb6                HAL_NVIC_SetPriority
 .text.HAL_NVIC_EnableIRQ
                0x0000000008001bee       0x1c ./Drivers/STM32F1xx_HAL_Driver/Src/stm32f1xx_hal_cortex.o
                0x0000000008001bee                HAL_NVIC_EnableIRQ
 .text.HAL_SYSTICK_Config
                0x0000000008001c0a       0x18 ./Drivers/STM32F1xx_HAL_Driver/Src/stm32f1xx_hal_cortex.o
                0x0000000008001c0a                HAL_SYSTICK_Config
 *fill*         0x0000000008001c22        0x2 
 .text.HAL_GPIO_Init
                0x0000000008001c24      0x2f4 ./Drivers/STM32F1xx_HAL_Driver/Src/stm32f1xx_hal_gpio.o
                0x0000000008001c24                HAL_GPIO_Init
 .text.HAL_GPIO_ReadPin
                0x0000000008001f18       0x2e ./Drivers/STM32F1xx_HAL_Driver/Src/stm32f1xx_hal_gpio.o
                0x0000000008001f18                HAL_GPIO_ReadPin
 .text.HAL_GPIO_WritePin
                0x0000000008001f46       0x30 ./Drivers/STM32F1xx_HAL_Driver/Src/stm32f1xx_hal_gpio.o
                0x0000000008001f46                HAL_GPIO_WritePin
 .text.HAL_GPIO_TogglePin
                0x0000000008001f76       0x32 ./Drivers/STM32F1xx_HAL_Driver/Src/stm32f1xx_hal_gpio.o
                0x0000000008001f76                HAL_GPIO_TogglePin
 .text.HAL_RCC_OscConfig
                0x0000000008001fa8      0x500 ./Drivers/STM32F1xx_HAL_Driver/Src/stm32f1xx_hal_rcc.o
                0x0000000008001fa8                HAL_RCC_OscConfig
 .text.HAL_RCC_ClockConfig
                0x00000000080024a8      0x1d4 ./Drivers/STM32F1xx_HAL_Driver/Src/stm32f1xx_hal_rcc.o
                0x00000000080024a8                HAL_RCC_ClockConfig
 .text.HAL_RCC_GetSysClockFreq
                0x000000000800267c       0xa8 ./Drivers/STM32F1xx_HAL_Driver/Src/stm32f1xx_hal_rcc.o
                0x000000000800267c                HAL_RCC_GetSysClockFreq
 .text.RCC_Delay
                0x0000000008002724       0x3c ./Drivers/STM32F1xx_HAL_Driver/Src/stm32f1xx_hal_rcc.o
 .text.HAL_TIM_Base_Init
                0x0000000008002760       0x9e ./Drivers/STM32F1xx_HAL_Driver/Src/stm32f1xx_hal_tim.o
                0x0000000008002760                HAL_TIM_Base_Init
 *fill*         0x00000000080027fe        0x2 
 .text.HAL_TIM_Base_Start_IT
                0x0000000008002800       0x98 ./Drivers/STM32F1xx_HAL_Driver/Src/stm32f1xx_hal_tim.o
                0x0000000008002800                HAL_TIM_Base_Start_IT
 .text.HAL_TIM_IRQHandler
                0x0000000008002898      0x1e0 ./Drivers/STM32F1xx_HAL_Driver/Src/stm32f1xx_hal_tim.o
                0x0000000008002898                HAL_TIM_IRQHandler
 .text.HAL_TIM_ConfigClockSource
                0x0000000008002a78      0x18e ./Drivers/STM32F1xx_HAL_Driver/Src/stm32f1xx_hal_tim.o
                0x0000000008002a78                HAL_TIM_ConfigClockSource
 .text.HAL_TIM_OC_DelayElapsedCallback
                0x0000000008002c06       0x12 ./Drivers/STM32F1xx_HAL_Driver/Src/stm32f1xx_hal_tim.o
                0x0000000008002c06                HAL_TIM_OC_DelayElapsedCallback
 .text.HAL_TIM_IC_CaptureCallback
                0x0000000008002c18       0x12 ./Drivers/STM32F1xx_HAL_Driver/Src/stm32f1xx_hal_tim.o
                0x0000000008002c18                HAL_TIM_IC_CaptureCallback
 .text.HAL_TIM_PWM_PulseFinishedCallback
                0x0000000008002c2a       0x12 ./Drivers/STM32F1xx_HAL_Driver/Src/stm32f1xx_hal_tim.o
                0x0000000008002c2a                HAL_TIM_PWM_PulseFinishedCallback
 .text.HAL_TIM_TriggerCallback
                0x0000000008002c3c       0x12 ./Drivers/STM32F1xx_HAL_Driver/Src/stm32f1xx_hal_tim.o
                0x0000000008002c3c                HAL_TIM_TriggerCallback
 *fill*         0x0000000008002c4e        0x2 
 .text.TIM_Base_SetConfig
                0x0000000008002c50       0xc8 ./Drivers/STM32F1xx_HAL_Driver/Src/stm32f1xx_hal_tim.o
                0x0000000008002c50                TIM_Base_SetConfig
 .text.TIM_TI1_ConfigInputStage
                0x0000000008002d18       0x5c ./Drivers/STM32F1xx_HAL_Driver/Src/stm32f1xx_hal_tim.o
 .text.TIM_TI2_ConfigInputStage
                0x0000000008002d74       0x5e ./Drivers/STM32F1xx_HAL_Driver/Src/stm32f1xx_hal_tim.o
 .text.TIM_ITRx_SetConfig
                0x0000000008002dd2       0x34 ./Drivers/STM32F1xx_HAL_Driver/Src/stm32f1xx_hal_tim.o
 .text.TIM_ETR_SetConfig
                0x0000000008002e06       0x3e ./Drivers/STM32F1xx_HAL_Driver/Src/stm32f1xx_hal_tim.o
                0x0000000008002e06                TIM_ETR_SetConfig
 .text.HAL_TIMEx_MasterConfigSynchronization
                0x0000000008002e44       0xb0 ./Drivers/STM32F1xx_HAL_Driver/Src/stm32f1xx_hal_tim_ex.o
                0x0000000008002e44                HAL_TIMEx_MasterConfigSynchronization
 .text.HAL_TIMEx_CommutCallback
                0x0000000008002ef4       0x12 ./Drivers/STM32F1xx_HAL_Driver/Src/stm32f1xx_hal_tim_ex.o
                0x0000000008002ef4                HAL_TIMEx_CommutCallback
 .text.HAL_TIMEx_BreakCallback
                0x0000000008002f06       0x12 ./Drivers/STM32F1xx_HAL_Driver/Src/stm32f1xx_hal_tim_ex.o
                0x0000000008002f06                HAL_TIMEx_BreakCallback
 .text.__errno  0x0000000008002f18        0xc d:/stm32cubeide_1.7.0/stm32cubeide/plugins/com.st.stm32cube.ide.mcu.externaltools.gnu-tools-for-stm32.9-2020-q2-update.win32_2.0.0.202105311346/tools/bin/../lib/gcc/arm-none-eabi/9.3.1/../../../../arm-none-eabi/lib/thumb/v7-m/nofp\libc_nano.a(lib_a-errno.o)
                0x0000000008002f18                __errno
 .text.__libc_init_array
                0x0000000008002f24       0x48 d:/stm32cubeide_1.7.0/stm32cubeide/plugins/com.st.stm32cube.ide.mcu.externaltools.gnu-tools-for-stm32.9-2020-q2-update.win32_2.0.0.202105311346/tools/bin/../lib/gcc/arm-none-eabi/9.3.1/../../../../arm-none-eabi/lib/thumb/v7-m/nofp\libc_nano.a(lib_a-init.o)
                0x0000000008002f24                __libc_init_array
 .text.malloc   0x0000000008002f6c       0x10 d:/stm32cubeide_1.7.0/stm32cubeide/plugins/com.st.stm32cube.ide.mcu.externaltools.gnu-tools-for-stm32.9-2020-q2-update.win32_2.0.0.202105311346/tools/bin/../lib/gcc/arm-none-eabi/9.3.1/../../../../arm-none-eabi/lib/thumb/v7-m/nofp\libc_nano.a(lib_a-malloc.o)
                0x0000000008002f6c                malloc
 .text.free     0x0000000008002f7c       0x10 d:/stm32cubeide_1.7.0/stm32cubeide/plugins/com.st.stm32cube.ide.mcu.externaltools.gnu-tools-for-stm32.9-2020-q2-update.win32_2.0.0.202105311346/tools/bin/../lib/gcc/arm-none-eabi/9.3.1/../../../../arm-none-eabi/lib/thumb/v7-m/nofp\libc_nano.a(lib_a-malloc.o)
                0x0000000008002f7c                free
 .text.memset   0x0000000008002f8c       0x10 d:/stm32cubeide_1.7.0/stm32cubeide/plugins/com.st.stm32cube.ide.mcu.externaltools.gnu-tools-for-stm32.9-2020-q2-update.win32_2.0.0.202105311346/tools/bin/../lib/gcc/arm-none-eabi/9.3.1/../../../../arm-none-eabi/lib/thumb/v7-m/nofp\libc_nano.a(lib_a-memset.o)
                0x0000000008002f8c                memset
 .text._free_r  0x0000000008002f9c       0x98 d:/stm32cubeide_1.7.0/stm32cubeide/plugins/com.st.stm32cube.ide.mcu.externaltools.gnu-tools-for-stm32.9-2020-q2-update.win32_2.0.0.202105311346/tools/bin/../lib/gcc/arm-none-eabi/9.3.1/../../../../arm-none-eabi/lib/thumb/v7-m/nofp\libc_nano.a(lib_a-nano-freer.o)
                0x0000000008002f9c                _free_r
 .text._malloc_r
                0x0000000008003034       0xb4 d:/stm32cubeide_1.7.0/stm32cubeide/plugins/com.st.stm32cube.ide.mcu.externaltools.gnu-tools-for-stm32.9-2020-q2-update.win32_2.0.0.202105311346/tools/bin/../lib/gcc/arm-none-eabi/9.3.1/../../../../arm-none-eabi/lib/thumb/v7-m/nofp\libc_nano.a(lib_a-nano-mallocr.o)
                0x0000000008003034                _malloc_r
 .text._sbrk_r  0x00000000080030e8       0x20 d:/stm32cubeide_1.7.0/stm32cubeide/plugins/com.st.stm32cube.ide.mcu.externaltools.gnu-tools-for-stm32.9-2020-q2-update.win32_2.0.0.202105311346/tools/bin/../lib/gcc/arm-none-eabi/9.3.1/../../../../arm-none-eabi/lib/thumb/v7-m/nofp\libc_nano.a(lib_a-sbrkr.o)
                0x00000000080030e8                _sbrk_r
 .text.__malloc_lock
                0x0000000008003108        0xc d:/stm32cubeide_1.7.0/stm32cubeide/plugins/com.st.stm32cube.ide.mcu.externaltools.gnu-tools-for-stm32.9-2020-q2-update.win32_2.0.0.202105311346/tools/bin/../lib/gcc/arm-none-eabi/9.3.1/../../../../arm-none-eabi/lib/thumb/v7-m/nofp\libc_nano.a(lib_a-mlock.o)
                0x0000000008003108                __malloc_lock
 .text.__malloc_unlock
                0x0000000008003114        0xc d:/stm32cubeide_1.7.0/stm32cubeide/plugins/com.st.stm32cube.ide.mcu.externaltools.gnu-tools-for-stm32.9-2020-q2-update.win32_2.0.0.202105311346/tools/bin/../lib/gcc/arm-none-eabi/9.3.1/../../../../arm-none-eabi/lib/thumb/v7-m/nofp\libc_nano.a(lib_a-mlock.o)
                0x0000000008003114                __malloc_unlock
 .text.__retarget_lock_acquire_recursive
                0x0000000008003120        0x2 d:/stm32cubeide_1.7.0/stm32cubeide/plugins/com.st.stm32cube.ide.mcu.externaltools.gnu-tools-for-stm32.9-2020-q2-update.win32_2.0.0.202105311346/tools/bin/../lib/gcc/arm-none-eabi/9.3.1/../../../../arm-none-eabi/lib/thumb/v7-m/nofp\libc_nano.a(lib_a-lock.o)
                0x0000000008003120                __retarget_lock_acquire_recursive
 .text.__retarget_lock_release_recursive
                0x0000000008003122        0x2 d:/stm32cubeide_1.7.0/stm32cubeide/plugins/com.st.stm32cube.ide.mcu.externaltools.gnu-tools-for-stm32.9-2020-q2-update.win32_2.0.0.202105311346/tools/bin/../lib/gcc/arm-none-eabi/9.3.1/../../../../arm-none-eabi/lib/thumb/v7-m/nofp\libc_nano.a(lib_a-lock.o)
                0x0000000008003122                __retarget_lock_release_recursive
 *(.glue_7)
 .glue_7        0x0000000008003124        0x0 linker stubs
 *(.glue_7t)
 .glue_7t       0x0000000008003124        0x0 linker stubs
 *(.eh_frame)
 .eh_frame      0x0000000008003124        0x0 d:/stm32cubeide_1.7.0/stm32cubeide/plugins/com.st.stm32cube.ide.mcu.externaltools.gnu-tools-for-stm32.9-2020-q2-update.win32_2.0.0.202105311346/tools/bin/../lib/gcc/arm-none-eabi/9.3.1/thumb/v7-m/nofp/crtbegin.o
 *(.init)
 .init          0x0000000008003124        0x4 d:/stm32cubeide_1.7.0/stm32cubeide/plugins/com.st.stm32cube.ide.mcu.externaltools.gnu-tools-for-stm32.9-2020-q2-update.win32_2.0.0.202105311346/tools/bin/../lib/gcc/arm-none-eabi/9.3.1/thumb/v7-m/nofp/crti.o
                0x0000000008003124                _init
 .init          0x0000000008003128        0x8 d:/stm32cubeide_1.7.0/stm32cubeide/plugins/com.st.stm32cube.ide.mcu.externaltools.gnu-tools-for-stm32.9-2020-q2-update.win32_2.0.0.202105311346/tools/bin/../lib/gcc/arm-none-eabi/9.3.1/thumb/v7-m/nofp/crtn.o
 *(.fini)
 .fini          0x0000000008003130        0x4 d:/stm32cubeide_1.7.0/stm32cubeide/plugins/com.st.stm32cube.ide.mcu.externaltools.gnu-tools-for-stm32.9-2020-q2-update.win32_2.0.0.202105311346/tools/bin/../lib/gcc/arm-none-eabi/9.3.1/thumb/v7-m/nofp/crti.o
                0x0000000008003130                _fini
 .fini          0x0000000008003134        0x8 d:/stm32cubeide_1.7.0/stm32cubeide/plugins/com.st.stm32cube.ide.mcu.externaltools.gnu-tools-for-stm32.9-2020-q2-update.win32_2.0.0.202105311346/tools/bin/../lib/gcc/arm-none-eabi/9.3.1/thumb/v7-m/nofp/crtn.o
                0x000000000800313c                . = ALIGN (0x4)
                0x000000000800313c                _etext = .

.vfp11_veneer   0x000000000800313c        0x0
 .vfp11_veneer  0x000000000800313c        0x0 linker stubs

.v4_bx          0x000000000800313c        0x0
 .v4_bx         0x000000000800313c        0x0 linker stubs

.iplt           0x000000000800313c        0x0
 .iplt          0x000000000800313c        0x0 d:/stm32cubeide_1.7.0/stm32cubeide/plugins/com.st.stm32cube.ide.mcu.externaltools.gnu-tools-for-stm32.9-2020-q2-update.win32_2.0.0.202105311346/tools/bin/../lib/gcc/arm-none-eabi/9.3.1/thumb/v7-m/nofp/crtbegin.o

.rodata         0x000000000800313c       0x24
                0x000000000800313c                . = ALIGN (0x4)
 *(.rodata)
 *(.rodata*)
 .rodata.AHBPrescTable
                0x000000000800313c       0x10 ./Core/Src/system_stm32f1xx.o
                0x000000000800313c                AHBPrescTable
 .rodata.aPLLMULFactorTable.6032
                0x000000000800314c       0x10 ./Drivers/STM32F1xx_HAL_Driver/Src/stm32f1xx_hal_rcc.o
 .rodata.aPredivFactorTable.6033
                0x000000000800315c        0x2 ./Drivers/STM32F1xx_HAL_Driver/Src/stm32f1xx_hal_rcc.o
                0x0000000008003160                . = ALIGN (0x4)
 *fill*         0x000000000800315e        0x2 

.rel.dyn        0x0000000008003160        0x0
 .rel.iplt      0x0000000008003160        0x0 d:/stm32cubeide_1.7.0/stm32cubeide/plugins/com.st.stm32cube.ide.mcu.externaltools.gnu-tools-for-stm32.9-2020-q2-update.win32_2.0.0.202105311346/tools/bin/../lib/gcc/arm-none-eabi/9.3.1/thumb/v7-m/nofp/crtbegin.o

.ARM.extab      0x0000000008003160        0x0
                0x0000000008003160                . = ALIGN (0x4)
 *(.ARM.extab* .gnu.linkonce.armextab.*)
                0x0000000008003160                . = ALIGN (0x4)

.ARM            0x0000000008003160        0x0
                0x0000000008003160                . = ALIGN (0x4)
                0x0000000008003160                __exidx_start = .
 *(.ARM.exidx*)
                0x0000000008003160                __exidx_end = .
                0x0000000008003160                . = ALIGN (0x4)

.preinit_array  0x0000000008003160        0x0
                0x0000000008003160                . = ALIGN (0x4)
                0x0000000008003160                PROVIDE (__preinit_array_start = .)
 *(.preinit_array*)
                0x0000000008003160                PROVIDE (__preinit_array_end = .)
                0x0000000008003160                . = ALIGN (0x4)

.init_array     0x0000000008003160        0x4
                0x0000000008003160                . = ALIGN (0x4)
                0x0000000008003160                PROVIDE (__init_array_start = .)
 *(SORT_BY_NAME(.init_array.*))
 *(.init_array*)
 .init_array    0x0000000008003160        0x4 d:/stm32cubeide_1.7.0/stm32cubeide/plugins/com.st.stm32cube.ide.mcu.externaltools.gnu-tools-for-stm32.9-2020-q2-update.win32_2.0.0.202105311346/tools/bin/../lib/gcc/arm-none-eabi/9.3.1/thumb/v7-m/nofp/crtbegin.o
                0x0000000008003164                PROVIDE (__init_array_end = .)
                0x0000000008003164                . = ALIGN (0x4)

.fini_array     0x0000000008003164        0x4
                0x0000000008003164                . = ALIGN (0x4)
                [!provide]                        PROVIDE (__fini_array_start = .)
 *(SORT_BY_NAME(.fini_array.*))
 *(.fini_array*)
 .fini_array    0x0000000008003164        0x4 d:/stm32cubeide_1.7.0/stm32cubeide/plugins/com.st.stm32cube.ide.mcu.externaltools.gnu-tools-for-stm32.9-2020-q2-update.win32_2.0.0.202105311346/tools/bin/../lib/gcc/arm-none-eabi/9.3.1/thumb/v7-m/nofp/crtbegin.o
                [!provide]                        PROVIDE (__fini_array_end = .)
                0x0000000008003168                . = ALIGN (0x4)
                0x0000000008003168                _sidata = LOADADDR (.data)

.data           0x0000000020000000       0x94 load address 0x0000000008003168
                0x0000000020000000                . = ALIGN (0x4)
                0x0000000020000000                _sdata = .
 *(.data)
 *(.data*)
 .data.redDura  0x0000000020000000        0x4 ./Core/Src/global.o
                0x0000000020000000                redDura
 .data.greenDura
                0x0000000020000004        0x4 ./Core/Src/global.o
                0x0000000020000004                greenDura
 .data.yellowDura
                0x0000000020000008        0x4 ./Core/Src/global.o
                0x0000000020000008                yellowDura
 .data.countdownEnable
                0x000000002000000c        0x4 ./Core/Src/global.o
                0x000000002000000c                countdownEnable
 .data.SystemCoreClock
                0x0000000020000010        0x4 ./Core/Src/system_stm32f1xx.o
                0x0000000020000010                SystemCoreClock
 .data.timer_dura
                0x0000000020000014       0x14 ./Core/Src/time_set.o
                0x0000000020000014                timer_dura
 .data.uwTickPrio
                0x0000000020000028        0x4 ./Drivers/STM32F1xx_HAL_Driver/Src/stm32f1xx_hal.o
                0x0000000020000028                uwTickPrio
 .data.uwTickFreq
                0x000000002000002c        0x1 ./Drivers/STM32F1xx_HAL_Driver/Src/stm32f1xx_hal.o
                0x000000002000002c                uwTickFreq
 *fill*         0x000000002000002d        0x3 
 .data._impure_ptr
                0x0000000020000030        0x4 d:/stm32cubeide_1.7.0/stm32cubeide/plugins/com.st.stm32cube.ide.mcu.externaltools.gnu-tools-for-stm32.9-2020-q2-update.win32_2.0.0.202105311346/tools/bin/../lib/gcc/arm-none-eabi/9.3.1/../../../../arm-none-eabi/lib/thumb/v7-m/nofp\libc_nano.a(lib_a-impure.o)
                0x0000000020000030                _impure_ptr
 .data.impure_data
                0x0000000020000034       0x60 d:/stm32cubeide_1.7.0/stm32cubeide/plugins/com.st.stm32cube.ide.mcu.externaltools.gnu-tools-for-stm32.9-2020-q2-update.win32_2.0.0.202105311346/tools/bin/../lib/gcc/arm-none-eabi/9.3.1/../../../../arm-none-eabi/lib/thumb/v7-m/nofp\libc_nano.a(lib_a-impure.o)
 *(.RamFunc)
 *(.RamFunc*)
                0x0000000020000094                . = ALIGN (0x4)
                0x0000000020000094                _edata = .

.igot.plt       0x0000000020000094        0x0 load address 0x00000000080031fc
 .igot.plt      0x0000000020000094        0x0 d:/stm32cubeide_1.7.0/stm32cubeide/plugins/com.st.stm32cube.ide.mcu.externaltools.gnu-tools-for-stm32.9-2020-q2-update.win32_2.0.0.202105311346/tools/bin/../lib/gcc/arm-none-eabi/9.3.1/thumb/v7-m/nofp/crtbegin.o
                0x0000000020000094                . = ALIGN (0x4)

.bss            0x0000000020000094       0xfc load address 0x00000000080031fc
                0x0000000020000094                _sbss = .
                0x0000000020000094                __bss_start__ = _sbss
 *(.bss)
 .bss           0x0000000020000094       0x1c d:/stm32cubeide_1.7.0/stm32cubeide/plugins/com.st.stm32cube.ide.mcu.externaltools.gnu-tools-for-stm32.9-2020-q2-update.win32_2.0.0.202105311346/tools/bin/../lib/gcc/arm-none-eabi/9.3.1/thumb/v7-m/nofp/crtbegin.o
 *(.bss*)
 .bss.buttonBuffer
                0x00000000200000b0        0x3 ./Core/Src/button.o
 *fill*         0x00000000200000b3        0x1 
 .bss.buttonBounce1
                0x00000000200000b4        0x3 ./Core/Src/button.o
 *fill*         0x00000000200000b7        0x1 
 .bss.buttonBounce2
                0x00000000200000b8        0x3 ./Core/Src/button.o
 *fill*         0x00000000200000bb        0x1 
 .bss.buttonBounce3
                0x00000000200000bc        0x3 ./Core/Src/button.o
 *fill*         0x00000000200000bf        0x1 
 .bss.status    0x00000000200000c0        0x4 ./Core/Src/global.o
                0x00000000200000c0                status
 .bss.index7SEG
                0x00000000200000c4        0x4 ./Core/Src/global.o
                0x00000000200000c4                index7SEG
 .bss.counter0  0x00000000200000c8        0x4 ./Core/Src/global.o
                0x00000000200000c8                counter0
 .bss.counter1  0x00000000200000cc        0x4 ./Core/Src/global.o
                0x00000000200000cc                counter1
 .bss.mainSCH   0x00000000200000d0        0x4 ./Core/Src/global.o
                0x00000000200000d0                mainSCH
 .bss.__sbrk_heap_end
                0x00000000200000d4        0x4 ./Core/Src/sysmem.o
 .bss.__malloc_free_list
                0x00000000200000d8        0x4 d:/stm32cubeide_1.7.0/stm32cubeide/plugins/com.st.stm32cube.ide.mcu.externaltools.gnu-tools-for-stm32.9-2020-q2-update.win32_2.0.0.202105311346/tools/bin/../lib/gcc/arm-none-eabi/9.3.1/../../../../arm-none-eabi/lib/thumb/v7-m/nofp\libc_nano.a(lib_a-nano-mallocr.o)
                0x00000000200000d8                __malloc_free_list
 .bss.__malloc_sbrk_start
                0x00000000200000dc        0x4 d:/stm32cubeide_1.7.0/stm32cubeide/plugins/com.st.stm32cube.ide.mcu.externaltools.gnu-tools-for-stm32.9-2020-q2-update.win32_2.0.0.202105311346/tools/bin/../lib/gcc/arm-none-eabi/9.3.1/../../../../arm-none-eabi/lib/thumb/v7-m/nofp\libc_nano.a(lib_a-nano-mallocr.o)
                0x00000000200000dc                __malloc_sbrk_start
 *(COMMON)
 COMMON         0x00000000200000e0       0x24 ./Core/Src/button.o
                0x00000000200000e0                keyPressCounter
                0x00000000200000ec                button_hold
                0x00000000200000f8                button_flag
 COMMON         0x0000000020000104        0x8 ./Core/Src/global.o
                0x0000000020000104                countdown_save
 COMMON         0x000000002000010c       0x48 ./Core/Src/main.o
                0x000000002000010c                htim2
 COMMON         0x0000000020000154       0x28 ./Core/Src/time_set.o
                0x0000000020000154                timer_counter
                0x0000000020000168                timer_flag
 COMMON         0x000000002000017c        0x4 ./Drivers/STM32F1xx_HAL_Driver/Src/stm32f1xx_hal.o
                0x000000002000017c                uwTick
 COMMON         0x0000000020000180        0x4 d:/stm32cubeide_1.7.0/stm32cubeide/plugins/com.st.stm32cube.ide.mcu.externaltools.gnu-tools-for-stm32.9-2020-q2-update.win32_2.0.0.202105311346/tools/bin/../lib/gcc/arm-none-eabi/9.3.1/../../../../arm-none-eabi/lib/thumb/v7-m/nofp\libc_nano.a(lib_a-reent.o)
                0x0000000020000180                errno
 COMMON         0x0000000020000184        0x9 d:/stm32cubeide_1.7.0/stm32cubeide/plugins/com.st.stm32cube.ide.mcu.externaltools.gnu-tools-for-stm32.9-2020-q2-update.win32_2.0.0.202105311346/tools/bin/../lib/gcc/arm-none-eabi/9.3.1/../../../../arm-none-eabi/lib/thumb/v7-m/nofp\libc_nano.a(lib_a-lock.o)
                0x0000000020000184                __lock___atexit_recursive_mutex
                0x0000000020000185                __lock___arc4random_mutex
                0x0000000020000186                __lock___env_recursive_mutex
                0x0000000020000187                __lock___sinit_recursive_mutex
                0x0000000020000188                __lock___malloc_recursive_mutex
                0x0000000020000189                __lock___at_quick_exit_mutex
                0x000000002000018a                __lock___dd_hash_mutex
                0x000000002000018b                __lock___tz_mutex
                0x000000002000018c                __lock___sfp_recursive_mutex
                0x0000000020000190                . = ALIGN (0x4)
 *fill*         0x000000002000018d        0x3 
                0x0000000020000190                _ebss = .
                0x0000000020000190                __bss_end__ = _ebss

._user_heap_stack
                0x0000000020000190      0x600 load address 0x00000000080031fc
                0x0000000020000190                . = ALIGN (0x8)
                [!provide]                        PROVIDE (end = .)
                0x0000000020000190                PROVIDE (_end = .)
                0x0000000020000390                . = (. + _Min_Heap_Size)
 *fill*         0x0000000020000190      0x200 
                0x0000000020000790                . = (. + _Min_Stack_Size)
 *fill*         0x0000000020000390      0x400 
                0x0000000020000790                . = ALIGN (0x8)

/DISCARD/
 libc.a(*)
 libm.a(*)
 libgcc.a(*)

.ARM.attributes
                0x0000000000000000       0x29
 *(.ARM.attributes)
 .ARM.attributes
                0x0000000000000000       0x1d d:/stm32cubeide_1.7.0/stm32cubeide/plugins/com.st.stm32cube.ide.mcu.externaltools.gnu-tools-for-stm32.9-2020-q2-update.win32_2.0.0.202105311346/tools/bin/../lib/gcc/arm-none-eabi/9.3.1/thumb/v7-m/nofp/crti.o
 .ARM.attributes
                0x000000000000001d       0x2d d:/stm32cubeide_1.7.0/stm32cubeide/plugins/com.st.stm32cube.ide.mcu.externaltools.gnu-tools-for-stm32.9-2020-q2-update.win32_2.0.0.202105311346/tools/bin/../lib/gcc/arm-none-eabi/9.3.1/thumb/v7-m/nofp/crtbegin.o
 .ARM.attributes
                0x000000000000004a       0x2d ./Core/Src/FSM_automatic.o
 .ARM.attributes
                0x0000000000000077       0x2d ./Core/Src/FSM_manual.o
 .ARM.attributes
                0x00000000000000a4       0x2d ./Core/Src/button.o
 .ARM.attributes
                0x00000000000000d1       0x2d ./Core/Src/global.o
 .ARM.attributes
                0x00000000000000fe       0x2d ./Core/Src/main.o
 .ARM.attributes
                0x000000000000012b       0x2d ./Core/Src/scheduler.o
 .ARM.attributes
                0x0000000000000158       0x2d ./Core/Src/stm32f1xx_hal_msp.o
 .ARM.attributes
                0x0000000000000185       0x2d ./Core/Src/stm32f1xx_it.o
 .ARM.attributes
                0x00000000000001b2       0x2d ./Core/Src/sysmem.o
 .ARM.attributes
                0x00000000000001df       0x2d ./Core/Src/system_stm32f1xx.o
 .ARM.attributes
                0x000000000000020c       0x2d ./Core/Src/time_set.o
 .ARM.attributes
                0x0000000000000239       0x21 ./Core/Startup/startup_stm32f103c6ux.o
 .ARM.attributes
                0x000000000000025a       0x2d ./Drivers/STM32F1xx_HAL_Driver/Src/stm32f1xx_hal.o
 .ARM.attributes
                0x0000000000000287       0x2d ./Drivers/STM32F1xx_HAL_Driver/Src/stm32f1xx_hal_cortex.o
 .ARM.attributes
                0x00000000000002b4       0x2d ./Drivers/STM32F1xx_HAL_Driver/Src/stm32f1xx_hal_gpio.o
 .ARM.attributes
                0x00000000000002e1       0x2d ./Drivers/STM32F1xx_HAL_Driver/Src/stm32f1xx_hal_rcc.o
 .ARM.attributes
                0x000000000000030e       0x2d ./Drivers/STM32F1xx_HAL_Driver/Src/stm32f1xx_hal_tim.o
 .ARM.attributes
                0x000000000000033b       0x2d ./Drivers/STM32F1xx_HAL_Driver/Src/stm32f1xx_hal_tim_ex.o
 .ARM.attributes
                0x0000000000000368       0x2d d:/stm32cubeide_1.7.0/stm32cubeide/plugins/com.st.stm32cube.ide.mcu.externaltools.gnu-tools-for-stm32.9-2020-q2-update.win32_2.0.0.202105311346/tools/bin/../lib/gcc/arm-none-eabi/9.3.1/../../../../arm-none-eabi/lib/thumb/v7-m/nofp\libc_nano.a(lib_a-errno.o)
 .ARM.attributes
                0x0000000000000395       0x2d d:/stm32cubeide_1.7.0/stm32cubeide/plugins/com.st.stm32cube.ide.mcu.externaltools.gnu-tools-for-stm32.9-2020-q2-update.win32_2.0.0.202105311346/tools/bin/../lib/gcc/arm-none-eabi/9.3.1/../../../../arm-none-eabi/lib/thumb/v7-m/nofp\libc_nano.a(lib_a-impure.o)
 .ARM.attributes
                0x00000000000003c2       0x2d d:/stm32cubeide_1.7.0/stm32cubeide/plugins/com.st.stm32cube.ide.mcu.externaltools.gnu-tools-for-stm32.9-2020-q2-update.win32_2.0.0.202105311346/tools/bin/../lib/gcc/arm-none-eabi/9.3.1/../../../../arm-none-eabi/lib/thumb/v7-m/nofp\libc_nano.a(lib_a-init.o)
 .ARM.attributes
                0x00000000000003ef       0x2d d:/stm32cubeide_1.7.0/stm32cubeide/plugins/com.st.stm32cube.ide.mcu.externaltools.gnu-tools-for-stm32.9-2020-q2-update.win32_2.0.0.202105311346/tools/bin/../lib/gcc/arm-none-eabi/9.3.1/../../../../arm-none-eabi/lib/thumb/v7-m/nofp\libc_nano.a(lib_a-malloc.o)
 .ARM.attributes
                0x000000000000041c       0x2d d:/stm32cubeide_1.7.0/stm32cubeide/plugins/com.st.stm32cube.ide.mcu.externaltools.gnu-tools-for-stm32.9-2020-q2-update.win32_2.0.0.202105311346/tools/bin/../lib/gcc/arm-none-eabi/9.3.1/../../../../arm-none-eabi/lib/thumb/v7-m/nofp\libc_nano.a(lib_a-memset.o)
 .ARM.attributes
                0x0000000000000449       0x2d d:/stm32cubeide_1.7.0/stm32cubeide/plugins/com.st.stm32cube.ide.mcu.externaltools.gnu-tools-for-stm32.9-2020-q2-update.win32_2.0.0.202105311346/tools/bin/../lib/gcc/arm-none-eabi/9.3.1/../../../../arm-none-eabi/lib/thumb/v7-m/nofp\libc_nano.a(lib_a-nano-freer.o)
 .ARM.attributes
                0x0000000000000476       0x2d d:/stm32cubeide_1.7.0/stm32cubeide/plugins/com.st.stm32cube.ide.mcu.externaltools.gnu-tools-for-stm32.9-2020-q2-update.win32_2.0.0.202105311346/tools/bin/../lib/gcc/arm-none-eabi/9.3.1/../../../../arm-none-eabi/lib/thumb/v7-m/nofp\libc_nano.a(lib_a-nano-mallocr.o)
 .ARM.attributes
                0x00000000000004a3       0x2d d:/stm32cubeide_1.7.0/stm32cubeide/plugins/com.st.stm32cube.ide.mcu.externaltools.gnu-tools-for-stm32.9-2020-q2-update.win32_2.0.0.202105311346/tools/bin/../lib/gcc/arm-none-eabi/9.3.1/../../../../arm-none-eabi/lib/thumb/v7-m/nofp\libc_nano.a(lib_a-sbrkr.o)
 .ARM.attributes
                0x00000000000004d0       0x2d d:/stm32cubeide_1.7.0/stm32cubeide/plugins/com.st.stm32cube.ide.mcu.externaltools.gnu-tools-for-stm32.9-2020-q2-update.win32_2.0.0.202105311346/tools/bin/../lib/gcc/arm-none-eabi/9.3.1/../../../../arm-none-eabi/lib/thumb/v7-m/nofp\libc_nano.a(lib_a-mlock.o)
 .ARM.attributes
                0x00000000000004fd       0x2d d:/stm32cubeide_1.7.0/stm32cubeide/plugins/com.st.stm32cube.ide.mcu.externaltools.gnu-tools-for-stm32.9-2020-q2-update.win32_2.0.0.202105311346/tools/bin/../lib/gcc/arm-none-eabi/9.3.1/../../../../arm-none-eabi/lib/thumb/v7-m/nofp\libc_nano.a(lib_a-reent.o)
 .ARM.attributes
                0x000000000000052a       0x2d d:/stm32cubeide_1.7.0/stm32cubeide/plugins/com.st.stm32cube.ide.mcu.externaltools.gnu-tools-for-stm32.9-2020-q2-update.win32_2.0.0.202105311346/tools/bin/../lib/gcc/arm-none-eabi/9.3.1/../../../../arm-none-eabi/lib/thumb/v7-m/nofp\libc_nano.a(lib_a-lock.o)
 .ARM.attributes
                0x0000000000000557       0x1d d:/stm32cubeide_1.7.0/stm32cubeide/plugins/com.st.stm32cube.ide.mcu.externaltools.gnu-tools-for-stm32.9-2020-q2-update.win32_2.0.0.202105311346/tools/bin/../lib/gcc/arm-none-eabi/9.3.1/thumb/v7-m/nofp/crtn.o
OUTPUT(Lab4_advaced.elf elf32-littlearm)
LOAD linker stubs
LOAD d:/stm32cubeide_1.7.0/stm32cubeide/plugins/com.st.stm32cube.ide.mcu.externaltools.gnu-tools-for-stm32.9-2020-q2-update.win32_2.0.0.202105311346/tools/bin/../lib/gcc/arm-none-eabi/9.3.1/../../../../arm-none-eabi/lib/thumb/v7-m/nofp\libc.a
LOAD d:/stm32cubeide_1.7.0/stm32cubeide/plugins/com.st.stm32cube.ide.mcu.externaltools.gnu-tools-for-stm32.9-2020-q2-update.win32_2.0.0.202105311346/tools/bin/../lib/gcc/arm-none-eabi/9.3.1/../../../../arm-none-eabi/lib/thumb/v7-m/nofp\libm.a
LOAD d:/stm32cubeide_1.7.0/stm32cubeide/plugins/com.st.stm32cube.ide.mcu.externaltools.gnu-tools-for-stm32.9-2020-q2-update.win32_2.0.0.202105311346/tools/bin/../lib/gcc/arm-none-eabi/9.3.1/thumb/v7-m/nofp\libgcc.a

.debug_info     0x0000000000000000     0xf6c0
 .debug_info    0x0000000000000000      0xc0b ./Core/Src/FSM_automatic.o
 .debug_info    0x0000000000000c0b      0xc1d ./Core/Src/FSM_manual.o
 .debug_info    0x0000000000001828      0xd75 ./Core/Src/button.o
 .debug_info    0x000000000000259d      0xcf1 ./Core/Src/global.o
 .debug_info    0x000000000000328e     0x1620 ./Core/Src/main.o
 .debug_info    0x00000000000048ae      0xe10 ./Core/Src/scheduler.o
 .debug_info    0x00000000000056be     0x12f0 ./Core/Src/stm32f1xx_hal_msp.o
 .debug_info    0x00000000000069ae     0x10a0 ./Core/Src/stm32f1xx_it.o
 .debug_info    0x0000000000007a4e      0xa25 ./Core/Src/sysmem.o
 .debug_info    0x0000000000008473      0x2be ./Core/Src/system_stm32f1xx.o
 .debug_info    0x0000000000008731      0xb1e ./Core/Src/time_set.o
 .debug_info    0x000000000000924f       0x22 ./Core/Startup/startup_stm32f103c6ux.o
 .debug_info    0x0000000000009271      0x74c ./Drivers/STM32F1xx_HAL_Driver/Src/stm32f1xx_hal.o
 .debug_info    0x00000000000099bd      0xbbe ./Drivers/STM32F1xx_HAL_Driver/Src/stm32f1xx_hal_cortex.o
 .debug_info    0x000000000000a57b      0x701 ./Drivers/STM32F1xx_HAL_Driver/Src/stm32f1xx_hal_gpio.o
 .debug_info    0x000000000000ac7c      0x893 ./Drivers/STM32F1xx_HAL_Driver/Src/stm32f1xx_hal_rcc.o
 .debug_info    0x000000000000b50f     0x2c32 ./Drivers/STM32F1xx_HAL_Driver/Src/stm32f1xx_hal_tim.o
 .debug_info    0x000000000000e141     0x157f ./Drivers/STM32F1xx_HAL_Driver/Src/stm32f1xx_hal_tim_ex.o

.debug_abbrev   0x0000000000000000     0x2632
 .debug_abbrev  0x0000000000000000      0x1e2 ./Core/Src/FSM_automatic.o
 .debug_abbrev  0x00000000000001e2      0x1fa ./Core/Src/FSM_manual.o
 .debug_abbrev  0x00000000000003dc      0x2a7 ./Core/Src/button.o
 .debug_abbrev  0x0000000000000683      0x249 ./Core/Src/global.o
 .debug_abbrev  0x00000000000008cc      0x2d2 ./Core/Src/main.o
 .debug_abbrev  0x0000000000000b9e      0x2c0 ./Core/Src/scheduler.o
 .debug_abbrev  0x0000000000000e5e      0x249 ./Core/Src/stm32f1xx_hal_msp.o
 .debug_abbrev  0x00000000000010a7      0x211 ./Core/Src/stm32f1xx_it.o
 .debug_abbrev  0x00000000000012b8      0x1bf ./Core/Src/sysmem.o
 .debug_abbrev  0x0000000000001477      0x14e ./Core/Src/system_stm32f1xx.o
 .debug_abbrev  0x00000000000015c5      0x23c ./Core/Src/time_set.o
 .debug_abbrev  0x0000000000001801       0x12 ./Core/Startup/startup_stm32f103c6ux.o
 .debug_abbrev  0x0000000000001813      0x1ed ./Drivers/STM32F1xx_HAL_Driver/Src/stm32f1xx_hal.o
 .debug_abbrev  0x0000000000001a00      0x313 ./Drivers/STM32F1xx_HAL_Driver/Src/stm32f1xx_hal_cortex.o
 .debug_abbrev  0x0000000000001d13      0x1e8 ./Drivers/STM32F1xx_HAL_Driver/Src/stm32f1xx_hal_gpio.o
 .debug_abbrev  0x0000000000001efb      0x273 ./Drivers/STM32F1xx_HAL_Driver/Src/stm32f1xx_hal_rcc.o
 .debug_abbrev  0x000000000000216e      0x25e ./Drivers/STM32F1xx_HAL_Driver/Src/stm32f1xx_hal_tim.o
 .debug_abbrev  0x00000000000023cc      0x266 ./Drivers/STM32F1xx_HAL_Driver/Src/stm32f1xx_hal_tim_ex.o

.debug_aranges  0x0000000000000000      0xaa0
 .debug_aranges
                0x0000000000000000       0x20 ./Core/Src/FSM_automatic.o
 .debug_aranges
                0x0000000000000020       0x28 ./Core/Src/FSM_manual.o
 .debug_aranges
                0x0000000000000048       0x48 ./Core/Src/button.o
 .debug_aranges
                0x0000000000000090       0x38 ./Core/Src/global.o
 .debug_aranges
                0x00000000000000c8       0x48 ./Core/Src/main.o
 .debug_aranges
                0x0000000000000110       0x60 ./Core/Src/scheduler.o
 .debug_aranges
                0x0000000000000170       0x30 ./Core/Src/stm32f1xx_hal_msp.o
 .debug_aranges
                0x00000000000001a0       0x68 ./Core/Src/stm32f1xx_it.o
 .debug_aranges
                0x0000000000000208       0x20 ./Core/Src/sysmem.o
 .debug_aranges
                0x0000000000000228       0x28 ./Core/Src/system_stm32f1xx.o
 .debug_aranges
                0x0000000000000250       0x28 ./Core/Src/time_set.o
 .debug_aranges
                0x0000000000000278       0x28 ./Core/Startup/startup_stm32f103c6ux.o
 .debug_aranges
                0x00000000000002a0       0xe0 ./Drivers/STM32F1xx_HAL_Driver/Src/stm32f1xx_hal.o
 .debug_aranges
                0x0000000000000380      0x100 ./Drivers/STM32F1xx_HAL_Driver/Src/stm32f1xx_hal_cortex.o
 .debug_aranges
                0x0000000000000480       0x58 ./Drivers/STM32F1xx_HAL_Driver/Src/stm32f1xx_hal_gpio.o
 .debug_aranges
                0x00000000000004d8       0x90 ./Drivers/STM32F1xx_HAL_Driver/Src/stm32f1xx_hal_rcc.o
 .debug_aranges
                0x0000000000000568      0x3d0 ./Drivers/STM32F1xx_HAL_Driver/Src/stm32f1xx_hal_tim.o
 .debug_aranges
                0x0000000000000938      0x168 ./Drivers/STM32F1xx_HAL_Driver/Src/stm32f1xx_hal_tim_ex.o

.debug_ranges   0x0000000000000000      0x988
 .debug_ranges  0x0000000000000000       0x10 ./Core/Src/FSM_automatic.o
 .debug_ranges  0x0000000000000010       0x18 ./Core/Src/FSM_manual.o
 .debug_ranges  0x0000000000000028       0x38 ./Core/Src/button.o
 .debug_ranges  0x0000000000000060       0x28 ./Core/Src/global.o
 .debug_ranges  0x0000000000000088       0x38 ./Core/Src/main.o
 .debug_ranges  0x00000000000000c0       0x50 ./Core/Src/scheduler.o
 .debug_ranges  0x0000000000000110       0x20 ./Core/Src/stm32f1xx_hal_msp.o
 .debug_ranges  0x0000000000000130       0x58 ./Core/Src/stm32f1xx_it.o
 .debug_ranges  0x0000000000000188       0x10 ./Core/Src/sysmem.o
 .debug_ranges  0x0000000000000198       0x18 ./Core/Src/system_stm32f1xx.o
 .debug_ranges  0x00000000000001b0       0x18 ./Core/Src/time_set.o
 .debug_ranges  0x00000000000001c8       0x20 ./Core/Startup/startup_stm32f103c6ux.o
 .debug_ranges  0x00000000000001e8       0xd0 ./Drivers/STM32F1xx_HAL_Driver/Src/stm32f1xx_hal.o
 .debug_ranges  0x00000000000002b8       0xf0 ./Drivers/STM32F1xx_HAL_Driver/Src/stm32f1xx_hal_cortex.o
 .debug_ranges  0x00000000000003a8       0x48 ./Drivers/STM32F1xx_HAL_Driver/Src/stm32f1xx_hal_gpio.o
 .debug_ranges  0x00000000000003f0       0x80 ./Drivers/STM32F1xx_HAL_Driver/Src/stm32f1xx_hal_rcc.o
 .debug_ranges  0x0000000000000470      0x3c0 ./Drivers/STM32F1xx_HAL_Driver/Src/stm32f1xx_hal_tim.o
 .debug_ranges  0x0000000000000830      0x158 ./Drivers/STM32F1xx_HAL_Driver/Src/stm32f1xx_hal_tim_ex.o

.debug_macro    0x0000000000000000    0x191ae
 .debug_macro   0x0000000000000000      0x3c4 ./Core/Src/FSM_automatic.o
 .debug_macro   0x00000000000003c4      0xa9c ./Core/Src/FSM_automatic.o
 .debug_macro   0x0000000000000e60      0x215 ./Core/Src/FSM_automatic.o
 .debug_macro   0x0000000000001075       0x2e ./Core/Src/FSM_automatic.o
 .debug_macro   0x00000000000010a3       0x22 ./Core/Src/FSM_automatic.o
 .debug_macro   0x00000000000010c5       0x22 ./Core/Src/FSM_automatic.o
 .debug_macro   0x00000000000010e7       0x8e ./Core/Src/FSM_automatic.o
 .debug_macro   0x0000000000001175       0x51 ./Core/Src/FSM_automatic.o
 .debug_macro   0x00000000000011c6      0x103 ./Core/Src/FSM_automatic.o
 .debug_macro   0x00000000000012c9       0x6a ./Core/Src/FSM_automatic.o
 .debug_macro   0x0000000000001333      0x1df ./Core/Src/FSM_automatic.o
 .debug_macro   0x0000000000001512       0x1c ./Core/Src/FSM_automatic.o
 .debug_macro   0x000000000000152e       0x22 ./Core/Src/FSM_automatic.o
 .debug_macro   0x0000000000001550       0xc3 ./Core/Src/FSM_automatic.o
 .debug_macro   0x0000000000001613      0xd23 ./Core/Src/FSM_automatic.o
 .debug_macro   0x0000000000002336     0xde75 ./Core/Src/FSM_automatic.o
 .debug_macro   0x00000000000101ab       0x6d ./Core/Src/FSM_automatic.o
 .debug_macro   0x0000000000010218     0x34a2 ./Core/Src/FSM_automatic.o
 .debug_macro   0x00000000000136ba      0x174 ./Core/Src/FSM_automatic.o
 .debug_macro   0x000000000001382e       0x5c ./Core/Src/FSM_automatic.o
 .debug_macro   0x000000000001388a      0x5bc ./Core/Src/FSM_automatic.o
 .debug_macro   0x0000000000013e46      0x1b7 ./Core/Src/FSM_automatic.o
 .debug_macro   0x0000000000013ffd      0x1cb ./Core/Src/FSM_automatic.o
 .debug_macro   0x00000000000141c8      0x114 ./Core/Src/FSM_automatic.o
 .debug_macro   0x00000000000142dc      0x1b2 ./Core/Src/FSM_automatic.o
 .debug_macro   0x000000000001448e       0x27 ./Core/Src/FSM_automatic.o
 .debug_macro   0x00000000000144b5      0x12f ./Core/Src/FSM_automatic.o
 .debug_macro   0x00000000000145e4      0x1bc ./Core/Src/FSM_automatic.o
 .debug_macro   0x00000000000147a0       0x34 ./Core/Src/FSM_automatic.o
 .debug_macro   0x00000000000147d4       0x3c ./Core/Src/FSM_automatic.o
 .debug_macro   0x0000000000014810       0x57 ./Core/Src/FSM_automatic.o
 .debug_macro   0x0000000000014867       0x87 ./Core/Src/FSM_automatic.o
 .debug_macro   0x00000000000148ee      0x183 ./Core/Src/FSM_automatic.o
 .debug_macro   0x0000000000014a71      0x140 ./Core/Src/FSM_automatic.o
 .debug_macro   0x0000000000014bb1      0x8ed ./Core/Src/FSM_automatic.o
 .debug_macro   0x000000000001549e       0x69 ./Core/Src/FSM_automatic.o
 .debug_macro   0x0000000000015507       0x52 ./Core/Src/FSM_automatic.o
 .debug_macro   0x0000000000015559       0x18 ./Core/Src/FSM_automatic.o
 .debug_macro   0x0000000000015571       0x3c ./Core/Src/FSM_automatic.o
 .debug_macro   0x00000000000155ad       0x34 ./Core/Src/FSM_automatic.o
 .debug_macro   0x00000000000155e1       0x16 ./Core/Src/FSM_automatic.o
 .debug_macro   0x00000000000155f7       0x35 ./Core/Src/FSM_automatic.o
 .debug_macro   0x000000000001562c      0x333 ./Core/Src/FSM_automatic.o
 .debug_macro   0x000000000001595f       0x10 ./Core/Src/FSM_automatic.o
 .debug_macro   0x000000000001596f       0x16 ./Core/Src/FSM_automatic.o
 .debug_macro   0x0000000000015985       0x43 ./Core/Src/FSM_automatic.o
 .debug_macro   0x00000000000159c8       0x34 ./Core/Src/FSM_automatic.o
 .debug_macro   0x00000000000159fc       0x10 ./Core/Src/FSM_automatic.o
 .debug_macro   0x0000000000015a0c       0x58 ./Core/Src/FSM_automatic.o
 .debug_macro   0x0000000000015a64       0x71 ./Core/Src/FSM_automatic.o
 .debug_macro   0x0000000000015ad5       0x1c ./Core/Src/FSM_automatic.o
 .debug_macro   0x0000000000015af1      0x12a ./Core/Src/FSM_automatic.o
 .debug_macro   0x0000000000015c1b       0x10 ./Core/Src/FSM_automatic.o
 .debug_macro   0x0000000000015c2b       0x1c ./Core/Src/FSM_automatic.o
 .debug_macro   0x0000000000015c47       0x52 ./Core/Src/FSM_automatic.o
 .debug_macro   0x0000000000015c99       0x22 ./Core/Src/FSM_automatic.o
 .debug_macro   0x0000000000015cbb       0x10 ./Core/Src/FSM_automatic.o
 .debug_macro   0x0000000000015ccb       0x40 ./Core/Src/FSM_automatic.o
 .debug_macro   0x0000000000015d0b       0xd5 ./Core/Src/FSM_automatic.o
 .debug_macro   0x0000000000015de0       0x1c ./Core/Src/FSM_automatic.o
 .debug_macro   0x0000000000015dfc       0x3d ./Core/Src/FSM_automatic.o
 .debug_macro   0x0000000000015e39       0x16 ./Core/Src/FSM_automatic.o
 .debug_macro   0x0000000000015e4f      0x145 ./Core/Src/FSM_automatic.o
 .debug_macro   0x0000000000015f94      0x1a9 ./Core/Src/FSM_automatic.o
 .debug_macro   0x000000000001613d       0x16 ./Core/Src/FSM_automatic.o
 .debug_macro   0x0000000000016153       0x16 ./Core/Src/FSM_automatic.o
 .debug_macro   0x0000000000016169       0x29 ./Core/Src/FSM_automatic.o
 .debug_macro   0x0000000000016192       0x22 ./Core/Src/FSM_automatic.o
 .debug_macro   0x00000000000161b4       0x7c ./Core/Src/FSM_automatic.o
 .debug_macro   0x0000000000016230       0x17 ./Core/Src/FSM_automatic.o
 .debug_macro   0x0000000000016247      0x118 ./Core/Src/FSM_automatic.o
 .debug_macro   0x000000000001635f      0x124 ./Core/Src/FSM_automatic.o
 .debug_macro   0x0000000000016483       0x16 ./Core/Src/FSM_automatic.o
 .debug_macro   0x0000000000016499       0x22 ./Core/Src/FSM_automatic.o
 .debug_macro   0x00000000000164bb       0x46 ./Core/Src/FSM_automatic.o
 .debug_macro   0x0000000000016501      0x3c0 ./Core/Src/FSM_manual.o
 .debug_macro   0x00000000000168c1      0x3ba ./Core/Src/button.o
 .debug_macro   0x0000000000016c7b      0x3b6 ./Core/Src/global.o
 .debug_macro   0x0000000000017031      0x3e4 ./Core/Src/main.o
 .debug_macro   0x0000000000017415      0x3c0 ./Core/Src/scheduler.o
 .debug_macro   0x00000000000177d5      0x391 ./Core/Src/stm32f1xx_hal_msp.o
 .debug_macro   0x0000000000017b66      0x39b ./Core/Src/stm32f1xx_it.o
 .debug_macro   0x0000000000017f01       0xff ./Core/Src/sysmem.o
 .debug_macro   0x0000000000018000      0x23b ./Core/Src/sysmem.o
 .debug_macro   0x000000000001823b      0x197 ./Core/Src/system_stm32f1xx.o
 .debug_macro   0x00000000000183d2      0x3a0 ./Core/Src/time_set.o
 .debug_macro   0x0000000000018772       0x10 ./Core/Src/time_set.o
 .debug_macro   0x0000000000018782      0x1bb ./Drivers/STM32F1xx_HAL_Driver/Src/stm32f1xx_hal.o
 .debug_macro   0x000000000001893d      0x197 ./Drivers/STM32F1xx_HAL_Driver/Src/stm32f1xx_hal_cortex.o
 .debug_macro   0x0000000000018ad4      0x202 ./Drivers/STM32F1xx_HAL_Driver/Src/stm32f1xx_hal_gpio.o
 .debug_macro   0x0000000000018cd6      0x1a9 ./Drivers/STM32F1xx_HAL_Driver/Src/stm32f1xx_hal_rcc.o
 .debug_macro   0x0000000000018e7f      0x198 ./Drivers/STM32F1xx_HAL_Driver/Src/stm32f1xx_hal_tim.o
 .debug_macro   0x0000000000019017      0x197 ./Drivers/STM32F1xx_HAL_Driver/Src/stm32f1xx_hal_tim_ex.o

.debug_line     0x0000000000000000     0xe1ea
 .debug_line    0x0000000000000000      0xa60 ./Core/Src/FSM_automatic.o
 .debug_line    0x0000000000000a60      0xaac ./Core/Src/FSM_manual.o
 .debug_line    0x000000000000150c      0xb9e ./Core/Src/button.o
 .debug_line    0x00000000000020aa      0xa59 ./Core/Src/global.o
 .debug_line    0x0000000000002b03      0xae6 ./Core/Src/main.o
 .debug_line    0x00000000000035e9      0xc37 ./Core/Src/scheduler.o
 .debug_line    0x0000000000004220      0x9a4 ./Core/Src/stm32f1xx_hal_msp.o
 .debug_line    0x0000000000004bc4      0xa42 ./Core/Src/stm32f1xx_it.o
 .debug_line    0x0000000000005606      0x4e9 ./Core/Src/sysmem.o
 .debug_line    0x0000000000005aef      0x6d7 ./Core/Src/system_stm32f1xx.o
 .debug_line    0x00000000000061c6      0x9a8 ./Core/Src/time_set.o
 .debug_line    0x0000000000006b6e       0x86 ./Core/Startup/startup_stm32f103c6ux.o
 .debug_line    0x0000000000006bf4      0x904 ./Drivers/STM32F1xx_HAL_Driver/Src/stm32f1xx_hal.o
 .debug_line    0x00000000000074f8      0xaec ./Drivers/STM32F1xx_HAL_Driver/Src/stm32f1xx_hal_cortex.o
 .debug_line    0x0000000000007fe4      0x987 ./Drivers/STM32F1xx_HAL_Driver/Src/stm32f1xx_hal_gpio.o
 .debug_line    0x000000000000896b      0xd10 ./Drivers/STM32F1xx_HAL_Driver/Src/stm32f1xx_hal_rcc.o
 .debug_line    0x000000000000967b     0x3355 ./Drivers/STM32F1xx_HAL_Driver/Src/stm32f1xx_hal_tim.o
 .debug_line    0x000000000000c9d0     0x181a ./Drivers/STM32F1xx_HAL_Driver/Src/stm32f1xx_hal_tim_ex.o

.debug_str      0x0000000000000000    0x8785f
 .debug_str     0x0000000000000000    0x847dd ./Core/Src/FSM_automatic.o
                                      0x84c81 (size before relaxing)
 .debug_str     0x00000000000847dd       0x43 ./Core/Src/FSM_manual.o
                                      0x84c85 (size before relaxing)
 .debug_str     0x0000000000084820       0xc2 ./Core/Src/button.o
                                      0x84d04 (size before relaxing)
 .debug_str     0x00000000000848e2       0x3f ./Core/Src/global.o
                                      0x84c81 (size before relaxing)
 .debug_str     0x0000000000084921      0x712 ./Core/Src/main.o
                                      0x85442 (size before relaxing)
 .debug_str     0x0000000000085033       0xc8 ./Core/Src/scheduler.o
                                      0x84d20 (size before relaxing)
 .debug_str     0x00000000000850fb      0x2ba ./Core/Src/stm32f1xx_hal_msp.o
                                      0x85264 (size before relaxing)
 .debug_str     0x00000000000853b5       0xcd ./Core/Src/stm32f1xx_it.o
                                      0x84fc6 (size before relaxing)
 .debug_str     0x0000000000085482      0x4e9 ./Core/Src/sysmem.o
                                       0x6259 (size before relaxing)
 .debug_str     0x000000000008596b       0x52 ./Core/Src/system_stm32f1xx.o
                                      0x7f779 (size before relaxing)
 .debug_str     0x00000000000859bd       0x37 ./Core/Src/time_set.o
                                      0x84ac1 (size before relaxing)
 .debug_str     0x00000000000859f4       0x36 ./Core/Startup/startup_stm32f103c6ux.o
                                         0x6d (size before relaxing)
 .debug_str     0x0000000000085a2a      0x304 ./Drivers/STM32F1xx_HAL_Driver/Src/stm32f1xx_hal.o
                                      0x7fdd0 (size before relaxing)
 .debug_str     0x0000000000085d2e      0x300 ./Drivers/STM32F1xx_HAL_Driver/Src/stm32f1xx_hal_cortex.o
                                      0x7fdd8 (size before relaxing)
 .debug_str     0x000000000008602e      0x316 ./Drivers/STM32F1xx_HAL_Driver/Src/stm32f1xx_hal_gpio.o
                                      0x7fb3d (size before relaxing)
 .debug_str     0x0000000000086344      0x24f ./Drivers/STM32F1xx_HAL_Driver/Src/stm32f1xx_hal_rcc.o
                                      0x7fb76 (size before relaxing)
 .debug_str     0x0000000000086593      0xdde ./Drivers/STM32F1xx_HAL_Driver/Src/stm32f1xx_hal_tim.o
                                      0x80b5f (size before relaxing)
 .debug_str     0x0000000000087371      0x4ee ./Drivers/STM32F1xx_HAL_Driver/Src/stm32f1xx_hal_tim_ex.o
                                      0x80300 (size before relaxing)

.comment        0x0000000000000000       0x53
 .comment       0x0000000000000000       0x53 ./Core/Src/FSM_automatic.o
                                         0x54 (size before relaxing)
 .comment       0x0000000000000053       0x54 ./Core/Src/FSM_manual.o
 .comment       0x0000000000000053       0x54 ./Core/Src/button.o
 .comment       0x0000000000000053       0x54 ./Core/Src/global.o
 .comment       0x0000000000000053       0x54 ./Core/Src/main.o
 .comment       0x0000000000000053       0x54 ./Core/Src/scheduler.o
 .comment       0x0000000000000053       0x54 ./Core/Src/stm32f1xx_hal_msp.o
 .comment       0x0000000000000053       0x54 ./Core/Src/stm32f1xx_it.o
 .comment       0x0000000000000053       0x54 ./Core/Src/sysmem.o
 .comment       0x0000000000000053       0x54 ./Core/Src/system_stm32f1xx.o
 .comment       0x0000000000000053       0x54 ./Core/Src/time_set.o
 .comment       0x0000000000000053       0x54 ./Drivers/STM32F1xx_HAL_Driver/Src/stm32f1xx_hal.o
 .comment       0x0000000000000053       0x54 ./Drivers/STM32F1xx_HAL_Driver/Src/stm32f1xx_hal_cortex.o
 .comment       0x0000000000000053       0x54 ./Drivers/STM32F1xx_HAL_Driver/Src/stm32f1xx_hal_gpio.o
 .comment       0x0000000000000053       0x54 ./Drivers/STM32F1xx_HAL_Driver/Src/stm32f1xx_hal_rcc.o
 .comment       0x0000000000000053       0x54 ./Drivers/STM32F1xx_HAL_Driver/Src/stm32f1xx_hal_tim.o
 .comment       0x0000000000000053       0x54 ./Drivers/STM32F1xx_HAL_Driver/Src/stm32f1xx_hal_tim_ex.o

.debug_frame    0x0000000000000000     0x2bd0
 .debug_frame   0x0000000000000000       0x2c ./Core/Src/FSM_automatic.o
 .debug_frame   0x000000000000002c       0x4c ./Core/Src/FSM_manual.o
 .debug_frame   0x0000000000000078      0x100 ./Core/Src/button.o
 .debug_frame   0x0000000000000178       0x94 ./Core/Src/global.o
 .debug_frame   0x000000000000020c       0xd4 ./Core/Src/main.o
 .debug_frame   0x00000000000002e0      0x14c ./Core/Src/scheduler.o
 .debug_frame   0x000000000000042c       0x80 ./Core/Src/stm32f1xx_hal_msp.o
 .debug_frame   0x00000000000004ac      0x120 ./Core/Src/stm32f1xx_it.o
 .debug_frame   0x00000000000005cc       0x34 ./Core/Src/sysmem.o
 .debug_frame   0x0000000000000600       0x58 ./Core/Src/system_stm32f1xx.o
 .debug_frame   0x0000000000000658       0x60 ./Core/Src/time_set.o
 .debug_frame   0x00000000000006b8      0x334 ./Drivers/STM32F1xx_HAL_Driver/Src/stm32f1xx_hal.o
 .debug_frame   0x00000000000009ec      0x428 ./Drivers/STM32F1xx_HAL_Driver/Src/stm32f1xx_hal_cortex.o
 .debug_frame   0x0000000000000e14      0x14c ./Drivers/STM32F1xx_HAL_Driver/Src/stm32f1xx_hal_gpio.o
 .debug_frame   0x0000000000000f60      0x218 ./Drivers/STM32F1xx_HAL_Driver/Src/stm32f1xx_hal_rcc.o
 .debug_frame   0x0000000000001178     0x11b4 ./Drivers/STM32F1xx_HAL_Driver/Src/stm32f1xx_hal_tim.o
 .debug_frame   0x000000000000232c      0x638 ./Drivers/STM32F1xx_HAL_Driver/Src/stm32f1xx_hal_tim_ex.o
 .debug_frame   0x0000000000002964       0x20 d:/stm32cubeide_1.7.0/stm32cubeide/plugins/com.st.stm32cube.ide.mcu.externaltools.gnu-tools-for-stm32.9-2020-q2-update.win32_2.0.0.202105311346/tools/bin/../lib/gcc/arm-none-eabi/9.3.1/../../../../arm-none-eabi/lib/thumb/v7-m/nofp\libc_nano.a(lib_a-errno.o)
 .debug_frame   0x0000000000002984       0x2c d:/stm32cubeide_1.7.0/stm32cubeide/plugins/com.st.stm32cube.ide.mcu.externaltools.gnu-tools-for-stm32.9-2020-q2-update.win32_2.0.0.202105311346/tools/bin/../lib/gcc/arm-none-eabi/9.3.1/../../../../arm-none-eabi/lib/thumb/v7-m/nofp\libc_nano.a(lib_a-init.o)
 .debug_frame   0x00000000000029b0       0x30 d:/stm32cubeide_1.7.0/stm32cubeide/plugins/com.st.stm32cube.ide.mcu.externaltools.gnu-tools-for-stm32.9-2020-q2-update.win32_2.0.0.202105311346/tools/bin/../lib/gcc/arm-none-eabi/9.3.1/../../../../arm-none-eabi/lib/thumb/v7-m/nofp\libc_nano.a(lib_a-malloc.o)
 .debug_frame   0x00000000000029e0       0x20 d:/stm32cubeide_1.7.0/stm32cubeide/plugins/com.st.stm32cube.ide.mcu.externaltools.gnu-tools-for-stm32.9-2020-q2-update.win32_2.0.0.202105311346/tools/bin/../lib/gcc/arm-none-eabi/9.3.1/../../../../arm-none-eabi/lib/thumb/v7-m/nofp\libc_nano.a(lib_a-memset.o)
 .debug_frame   0x0000000000002a00       0x38 d:/stm32cubeide_1.7.0/stm32cubeide/plugins/com.st.stm32cube.ide.mcu.externaltools.gnu-tools-for-stm32.9-2020-q2-update.win32_2.0.0.202105311346/tools/bin/../lib/gcc/arm-none-eabi/9.3.1/../../../../arm-none-eabi/lib/thumb/v7-m/nofp\libc_nano.a(lib_a-nano-freer.o)
 .debug_frame   0x0000000000002a38       0x30 d:/stm32cubeide_1.7.0/stm32cubeide/plugins/com.st.stm32cube.ide.mcu.externaltools.gnu-tools-for-stm32.9-2020-q2-update.win32_2.0.0.202105311346/tools/bin/../lib/gcc/arm-none-eabi/9.3.1/../../../../arm-none-eabi/lib/thumb/v7-m/nofp\libc_nano.a(lib_a-nano-mallocr.o)
 .debug_frame   0x0000000000002a68       0x2c d:/stm32cubeide_1.7.0/stm32cubeide/plugins/com.st.stm32cube.ide.mcu.externaltools.gnu-tools-for-stm32.9-2020-q2-update.win32_2.0.0.202105311346/tools/bin/../lib/gcc/arm-none-eabi/9.3.1/../../../../arm-none-eabi/lib/thumb/v7-m/nofp\libc_nano.a(lib_a-sbrkr.o)
 .debug_frame   0x0000000000002a94       0x30 d:/stm32cubeide_1.7.0/stm32cubeide/plugins/com.st.stm32cube.ide.mcu.externaltools.gnu-tools-for-stm32.9-2020-q2-update.win32_2.0.0.202105311346/tools/bin/../lib/gcc/arm-none-eabi/9.3.1/../../../../arm-none-eabi/lib/thumb/v7-m/nofp\libc_nano.a(lib_a-mlock.o)
 .debug_frame   0x0000000000002ac4       0x5c d:/stm32cubeide_1.7.0/stm32cubeide/plugins/com.st.stm32cube.ide.mcu.externaltools.gnu-tools-for-stm32.9-2020-q2-update.win32_2.0.0.202105311346/tools/bin/../lib/gcc/arm-none-eabi/9.3.1/../../../../arm-none-eabi/lib/thumb/v7-m/nofp\libc_nano.a(lib_a-reent.o)
 .debug_frame   0x0000000000002b20       0xb0 d:/stm32cubeide_1.7.0/stm32cubeide/plugins/com.st.stm32cube.ide.mcu.externaltools.gnu-tools-for-stm32.9-2020-q2-update.win32_2.0.0.202105311346/tools/bin/../lib/gcc/arm-none-eabi/9.3.1/../../../../arm-none-eabi/lib/thumb/v7-m/nofp\libc_nano.a(lib_a-lock.o)
