02:07:31 **** Build of configuration Debug for project Lab3 ****
make -j16 all 
arm-none-eabi-gcc "../Core/Src/FSM_automatic.c" -mcpu=cortex-m3 -std=gnu11 -g3 -DDEBUG -DUSE_HAL_DRIVER -DSTM32F103x6 -c -I../Core/Inc -I../Drivers/STM32F1xx_HAL_Driver/Inc -I../Drivers/STM32F1xx_HAL_Driver/Inc/Legacy -I../Drivers/CMSIS/Device/ST/STM32F1xx/Include -I../Drivers/CMSIS/Include -O0 -ffunction-sections -fdata-sections -Wall -fstack-usage -MMD -MP -MF"Core/Src/FSM_automatic.d" -MT"Core/Src/FSM_automatic.o" --specs=nano.specs -mfloat-abi=soft -mthumb -o "Core/Src/FSM_automatic.o"
arm-none-eabi-gcc "../Core/Src/FSM_manual.c" -mcpu=cortex-m3 -std=gnu11 -g3 -DDEBUG -DUSE_HAL_DRIVER -DSTM32F103x6 -c -I../Core/Inc -I../Drivers/STM32F1xx_HAL_Driver/Inc -I../Drivers/STM32F1xx_HAL_Driver/Inc/Legacy -I../Drivers/CMSIS/Device/ST/STM32F1xx/Include -I../Drivers/CMSIS/Include -O0 -ffunction-sections -fdata-sections -Wall -fstack-usage -MMD -MP -MF"Core/Src/FSM_manual.d" -MT"Core/Src/FSM_manual.o" --specs=nano.specs -mfloat-abi=soft -mthumb -o "Core/Src/FSM_manual.o"
arm-none-eabi-gcc "../Core/Src/button.c" -mcpu=cortex-m3 -std=gnu11 -g3 -DDEBUG -DUSE_HAL_DRIVER -DSTM32F103x6 -c -I../Core/Inc -I../Drivers/STM32F1xx_HAL_Driver/Inc -I../Drivers/STM32F1xx_HAL_Driver/Inc/Legacy -I../Drivers/CMSIS/Device/ST/STM32F1xx/Include -I../Drivers/CMSIS/Include -O0 -ffunction-sections -fdata-sections -Wall -fstack-usage -MMD -MP -MF"Core/Src/button.d" -MT"Core/Src/button.o" --specs=nano.specs -mfloat-abi=soft -mthumb -o "Core/Src/button.o"
arm-none-eabi-gcc "../Core/Src/global.c" -mcpu=cortex-m3 -std=gnu11 -g3 -DDEBUG -DUSE_HAL_DRIVER -DSTM32F103x6 -c -I../Core/Inc -I../Drivers/STM32F1xx_HAL_Driver/Inc -I../Drivers/STM32F1xx_HAL_Driver/Inc/Legacy -I../Drivers/CMSIS/Device/ST/STM32F1xx/Include -I../Drivers/CMSIS/Include -O0 -ffunction-sections -fdata-sections -Wall -fstack-usage -MMD -MP -MF"Core/Src/global.d" -MT"Core/Src/global.o" --specs=nano.specs -mfloat-abi=soft -mthumb -o "Core/Src/global.o"
arm-none-eabi-gcc "../Core/Src/main.c" -mcpu=cortex-m3 -std=gnu11 -g3 -DDEBUG -DUSE_HAL_DRIVER -DSTM32F103x6 -c -I../Core/Inc -I../Drivers/STM32F1xx_HAL_Driver/Inc -I../Drivers/STM32F1xx_HAL_Driver/Inc/Legacy -I../Drivers/CMSIS/Device/ST/STM32F1xx/Include -I../Drivers/CMSIS/Include -O0 -ffunction-sections -fdata-sections -Wall -fstack-usage -MMD -MP -MF"Core/Src/main.d" -MT"Core/Src/main.o" --specs=nano.specs -mfloat-abi=soft -mthumb -o "Core/Src/main.o"
arm-none-eabi-gcc "../Core/Src/time_set.c" -mcpu=cortex-m3 -std=gnu11 -g3 -DDEBUG -DUSE_HAL_DRIVER -DSTM32F103x6 -c -I../Core/Inc -I../Drivers/STM32F1xx_HAL_Driver/Inc -I../Drivers/STM32F1xx_HAL_Driver/Inc/Legacy -I../Drivers/CMSIS/Device/ST/STM32F1xx/Include -I../Drivers/CMSIS/Include -O0 -ffunction-sections -fdata-sections -Wall -fstack-usage -MMD -MP -MF"Core/Src/time_set.d" -MT"Core/Src/time_set.o" --specs=nano.specs -mfloat-abi=soft -mthumb -o "Core/Src/time_set.o"
arm-none-eabi-gcc -o "Lab3.elf" @"objects.list"   -mcpu=cortex-m3 -T"D:\Git\Github_folder\STM32_LAB03\Lab3\STM32F103C6UX_FLASH.ld" --specs=nosys.specs -Wl,-Map="Lab3.map" -Wl,--gc-sections -static --specs=nano.specs -mfloat-abi=soft -mthumb -Wl,--start-group -lc -lm -Wl,--end-group
Finished building target: Lab3.elf
 
arm-none-eabi-size   Lab3.elf 
arm-none-eabi-objdump -h -S  Lab3.elf  > "Lab3.list"
arm-none-eabi-objcopy  -O ihex  Lab3.elf  "Lab3.hex"
   text	   data	    bss	    dec	    hex	filename
  11348	     76	   1756	  13180	   337c	Lab3.elf
arm-none-eabi-objcopy  -O binary  Lab3.elf  "Lab3.bin"
Finished building: default.size.stdout
 
Finished building: Lab3.hex
Finished building: Lab3.bin
 
 
Finished building: Lab3.list
 

02:07:32 Build Finished. 0 errors, 0 warnings. (took 755ms)

