15:31:12 **** Incremental Build of configuration Debug for project Lab_test1 ****
make -j16 all 
arm-none-eabi-gcc "../Core/Src/main.c" -mcpu=cortex-m3 -std=gnu11 -g3 -DDEBUG -DUSE_HAL_DRIVER -DSTM32F103xB -c -I../Core/Inc -I../Drivers/STM32F1xx_HAL_Driver/Inc -I../Drivers/STM32F1xx_HAL_Driver/Inc/Legacy -I../Drivers/CMSIS/Device/ST/STM32F1xx/Include -I../Drivers/CMSIS/Include -O0 -ffunction-sections -fdata-sections -Wall -fstack-usage -MMD -MP -MF"Core/Src/main.d" -MT"Core/Src/main.o" --specs=nano.specs -mfloat-abi=soft -mthumb -o "Core/Src/main.o"
arm-none-eabi-gcc -o "Lab_test1.elf" @"objects.list"   -mcpu=cortex-m3 -T"D:\STM32CubeIDE_1.7.0\Lab_test1\STM32F103RBTX_FLASH.ld" --specs=nosys.specs -Wl,-Map="Lab_test1.map" -Wl,--gc-sections -static --specs=nano.specs -mfloat-abi=soft -mthumb -Wl,--start-group -lc -lm -Wl,--end-group
Finished building target: Lab_test1.elf
 
arm-none-eabi-size   Lab_test1.elf 
arm-none-eabi-objdump -h -S  Lab_test1.elf  > "Lab_test1.list"
arm-none-eabi-objcopy  -O ihex  Lab_test1.elf  "Lab_test1.hex"
   text	   data	    bss	    dec	    hex	filename
   7236	     20	   1660	   8916	   22d4	Lab_test1.elf
arm-none-eabi-objcopy  -O binary  Lab_test1.elf  "Lab_test1.bin"
Finished building: default.size.stdout
 
Finished building: Lab_test1.hex
Finished building: Lab_test1.bin
 
Finished building: Lab_test1.list
 
 

15:31:12 Build Finished. 0 errors, 0 warnings. (took 613ms)

